000000                   	;===========================================================================
000000                   	;	REGISTER3.ASM - Register checker (modele DRIVER_TEMPLATE) for PC-E500/1480U
000000                   	;	d'apres REGISTER.ASM Ver 1.2, (c)1990,1992 E. Kako (JM2WGN)
000000                   	;
000000                   	;	Reecriture pour xasm2026-4. Le code machine emis est STRICTEMENT
000000                   	;	IDENTIQUE a celui de REGISTER.ASM : seules changent la lisibilite et
000000                   	;	les verifications faites a l'assemblage. Rien n'a ete reordonne, aucune
000000                   	;	instruction n'a ete remplacee.
000000                   	;
000000                   	;---------------------------------------------------------------------------
000000                   	;	COMMENT CE PROGRAMME FONCTIONNE
000000                   	;
000000                   	;	Il installe un pilote de peripherique ("REG:") dans la RAM systeme,
000000                   	;	puis rend la main. Une fois installe, SHIFT+CTRL affiche l'etat des
000000                   	;	registres du CPU par-dessus l'ecran courant.
000000                   	;
000000                   	;	Le pilote est ASSEMBLE ici a l'adresse 0BE000h, mais il est COPIE a
000000                   	;	une adresse determinee a l'execution. Toute instruction du pilote qui
000000                   	;	contient une adresse absolue doit donc etre corrigee apres la copie.
000000                   	;
000000                   	;	C'est le role de la table de relocation en fin de fichier : chaque
000000                   	;	etiquette pN designe une telle instruction, et l'installeur remplace
000000                   	;	les trois octets d'operande situes en pN+1 par l'adresse recalculee.
000000                   	;
000000                   	;	>>> PIEGE A CONNAITRE : ajouter dans le pilote une instruction portant
000000                   	;	>>> une adresse absolue OBLIGE a lui donner une etiquette pN et a
000000                   	;	>>> l'inscrire dans modify_table. L'oublier ne provoque aucune erreur
000000                   	;	>>> d'assemblage : le pilote s'installe et se plante a l'execution.
000000                   	;	>>> Une verification en fin de fichier compte les entrees de la table.
000000                   	;===========================================================================
000000                   	bl:	equ	0d4h
000000                   	bh:	equ	0d5h
000000                   	cl:	equ	0d6h
000000                   	ch:	equ	0d7h
000000                   	dl:	equ	0d8h
000000                   	dh:	equ	0d9h
000000                   	;
000000                   	s2_top:	equ	0bfc0fh		;top  of "S2:"
000000                   	s2_siz:	equ	0bfc12h		;size of "S2:"
000000                   	s1_top:	equ	0bfc15h		;top  of "S1:"
000000                   	s1_siz:	equ	0bfc18h		;size of "S1:"
000000                   	s1_btm:	equ	0bfcdeh		;bottom of "S1:"
000000                   	d_link:	equ	0bfca2h		;device link pointer
000000                   	baswrk:	equ	0bfd0eh		;BASIC WORK Address
000000                   	keyvct:	equ	0bfccch		;key interrupt vector
000000                   	;
000000                   	fcs_call:  equ	0fffe4h
000000                   	iocs_call: equ	0fffe8h
000000                   	;
000000                   	;--- Registres materiels ---------------------------------------------------
000000                   	ko_lo:	equ	0f0h		;sortie de balayage clavier, poids faible
000000                   	ko_hi:	equ	0f1h		;sortie de balayage clavier, poids fort
000000                   	ki_in:	equ	0f2h		;entree clavier
000000                   	imr_p:	equ	0fbh		;masque d'interruption (IMR)
000000                   	bp_p:	equ	0ech		;registre de base BP
000000                   	keym:	equ	04h		;bit KEY du masque d'interruption
000000                   	;
000000                   	;--- Controleur LCD --------------------------------------------------------
000000                   	lcd_cl:	equ	0a004h		;commande, moitie gauche
000000                   	lcd_dl:	equ	0a006h		;donnee,   moitie gauche
000000                   	lcd_cr:	equ	0a008h		;commande, moitie droite
000000                   	lcd_dr:	equ	0a00ah		;donnee,   moitie droite
000000                   	;
000000                   	;--- Emplacements BASIC ----------------------------------------------------
000000                   	text_ad: equ	0cbh		;adresse du bloc TEXT.BAS
000000                   	data_ad: equ	0ceh		;adresse du bloc DATA.BAS
000000                   	menu_vc: equ	0ffffdh		;vecteur de retour au MENU
000000                   	;
000000                   	;--- Marqueurs de bloc memoire ---------------------------------------------
000000                   	blk_id:	equ	0fbh		;identifiant de bloc de fichier
000000                   	;
000000                   	;--- Macros ----------------------------------------------------------------
000000                   	;
000000                   	; Depose un caractere dans le tampon d'ecran pointe par Y.
000000                   	;
000000                   	; Selectionne une colonne du clavier et laisse le resultat lisible en (ki_in).
000000                   	; Le NOP est un delai de stabilisation : ne pas le retirer.
000000                   	;
000000                   	; Nom du pilote defini UNE SEULE FOIS ici (base + extension). Deux macros le
000000                   	; formatent : 'name83' pour l'en-tete de bloc (8 car. completes d'espaces, sans
000000                   	; point) et 'namedot' pour les messages (base.ext). Pour renommer le pilote, ne
000000                   	; changer que 'drvbase' et 'drvext'.
000000                   	;
000000                   	;
0BE000                   		org	0be000h
0BE000                   	;
0BE000                   		pre_on
0BE000                   	;
0BE000                   	;-----------------------------------------------------------
0BE000                   	;       DEVICE-DRIVER INSTALLER
0BE000                   	;-----------------------------------------------------------
0BE000                   	;-----------------------------------------------------------
0BE000                   	;       DEVICE-DRIVER INSTALLER  (modele du template : ajout en fin)
0BE000                   	;-----------------------------------------------------------
0BE000                   	start:
0BE000                   	;  (0) lire l'argument de CALL : la chaine "-u" (ou "-U") lance la
0BE000                   	;      desinstallation, sinon on installe. L'argument doit etre entre
0BE000                   	;      GUILLEMETS (syntaxe BASIC), comme pour UUENCODE :
0BE000                   	;          CALL &BE000          -> installe
0BE000                   	;          CALL &BE000 "-u"     -> desinstalle
0BE000                   	;      La ligne de commande (avec ses guillemets) est en tete de la pile U ;
0BE000                   	;      le scan saute le guillemet ouvrant et cherche "-u".
0BE000 3C                		popu	x			; x = pointeur de ligne (empile par CALL)
0BE001 30 CC 00 00       		mv	(0),0			; (0) = 0 : installer ; sinon : desinstaller
0BE005 90 24             	sc_arg:	mv	a,[x++]
0BE007 60 00             		cmp	a,0
0BE009 18 23             		jrz	sc_done
0BE00B 60 0D             		cmp	a,0dh			; CR
0BE00D 18 1F             		jrz	sc_done
0BE00F 60 1A             		cmp	a,1ah			; fin de chaine BASIC (comme UUENCODE argskp)
0BE011 18 1B             		jrz	sc_done
0BE013 60 FF             		cmp	a,0ffh			; fin de chaine BASIC
0BE015 18 17             		jrz	sc_done
0BE017 60 2D             		cmp	a,'-'
0BE019 1B 16             		jrnz	sc_arg
0BE01B 90 04             		mv	a,[x]
0BE01D 60 75             		cmp	a,'u'
0BE01F 18 06             		jrz	sc_setu
0BE021 60 55             		cmp	a,'U'
0BE023 18 02             		jrz	sc_setu
0BE025 13 22             		jr	sc_arg
0BE027                   	sc_setu:
0BE027 08 01             		mv	a,1
0BE029 30 A0 00          		mv	(0),a
0BE02C 13 29             		jr	sc_arg
0BE02E                   	sc_done:
0BE02E                   	;      RESTITUER a BASIC le pointeur de ligne AVANCE au-dela de l'argument
0BE02E                   	;      (protocole UUENCODE : popu a l'entree, pushu du pointeur avance a la
0BE02E                   	;      sortie). Sans ce pushu, BASIC ne retrouve pas ou reprendre -> 'Syntax
0BE02E                   	;      error' au retour d'un CALL suivi d'un argument.
0BE02E 7C 04             		dec	x			; revenir sur le terminateur de l'argument
0BE030 2C                		pushu	x
0BE031 30 80 00          		mv	a,(0)
0BE034 60 00             		cmp	a,0
0BE036 18 03             		jrz	sc_install
0BE038 02 CB E1          		jp	uninstall
0BE03B                   	sc_install:
0BE03B                   	;  (1) banniere
0BE03B 0C 77 E1 0B       		mv	x,msg0
0BE03F 0D 16 00 00       		mv	y,btm0-msg0
0BE043 30 CC D6 00       		mv	(cl),0
0BE047 09 04             		mv	il,4
0BE049 05 E4 FF 0F       		callf	fcs_call
0BE04D                   	;  sauver le vecteur clavier et IMR (le pilote les restaure)
0BE04D 8C CC FC 0B       		mv	x,[keyvct]
0BE051 AC 94 E7 0B       		mv	[save_vct],x
0BE055 30 80 FB          		mv	a,(imr_p)
0BE058 A8 97 E7 0B       		mv	[save_imr],a
0BE05C                   	;  (2) compacter S1: (regrouper l'espace libre en fin de zone)
0BE05C 30 CC D6 06       		mv	(cl),6
0BE060 30 CC D7 00       		mv	(ch),0
0BE064 0B 47 00          		mv	i,47h
0BE067 05 E8 FF 0F       		callf	iocs_call
0BE06B                   	;  (3) parcourir jusqu'a la FIN des blocs ; detecter un doublon par le nom
0BE06B 8C 15 FC 0B       		mv	x,[s1_top]
0BE06F 95 84 12          		mv	y,[x+12h]
0BE072 45 45             		add	x,y
0BE074 90 04             	walk:	mv	a,[x]
0BE076 60 FB             		cmp	a,blk_id
0BE078 1A 15             		jrnz	walk_end
0BE07A 0D F9 E2 0B       		mv	y,block_top
0BE07E 09 0C             		mv	il,12
0BE080 2C                		pushu	x
0BE081 05 5C E1 0B       		callf	stricmp
0BE085 3C                		popu	x
0BE086 18 B6             		jrz	exit2
0BE088 95 84 11          		mv	y,[x+11h]
0BE08B 45 45             		add	x,y
0BE08D 13 1B             		jr	walk
0BE08F                   	walk_end:
0BE08F 30 A4 0A          		mv	(10),x			; destination = fin des blocs (ajout en fin)
0BE092                   	;  (4) controle memoire : libre = bas_de_S1 - fin_des_blocs >= taille
0BE092 8D DE FC 0B       		mv	y,[s1_btm]
0BE096 7C 05             		dec	y
0BE098 4D 54             		sub	y,x
0BE09A 30 A5 10          		mv	(16),y
0BE09D 0D D5 0C 00       		mv	y,block_bottom-block_top
0BE0A1 30 D7 05 10       		cmpp	(16),y
0BE0A5 1C A1             		jrc	exit3
0BE0A7                   	;  (5) sauver le handler device #11 d'origine (pour le chainage de 'RG3:')
0BE0A7 0C A2 FC 0B       		mv	x,d_link
0BE0AB 08 00             		mv	a,0
0BE0AD A8 28 E3 0B       		mv	[iocs_found],a
0BE0B1 FD 54             	srch:	mv	y,x
0BE0B3 94 04             		mv	x,[x]
0BE0B5 6C 04             		inc	x
0BE0B7 18 16             		jrz	srch_end
0BE0B9 7C 04             		dec	x
0BE0BB 90 84 03          		mv	a,[x+3]
0BE0BE 60 0B             		cmp	a,11
0BE0C0 1B 11             		jrnz	srch
0BE0C2 94 84 05          		mv	x,[x+5]
0BE0C5 AC 29 E3 0B       		mv	[iocs_eleven],x
0BE0C9 08 01             		mv	a,1
0BE0CB A8 28 E3 0B       		mv	[iocs_found],a
0BE0CF                   	srch_end:
0BE0CF                   	;  (6) chainer le nouveau device en tete de la liste IOCS
0BE0CF 8C A2 FC 0B       		mv	x,[d_link]
0BE0D3 AC 1B E3 0B       		mv	[header],x
0BE0D7 30 84 0A          		mv	x,(10)
0BE0DA 09 22             		mv	il,iocs_header-block_top
0BE0DC 45 41             		add	x,il
0BE0DE AC A2 FC 0B       		mv	[d_link],x
0BE0E2                   	;  (7) relocation (mecanisme de REGISTER : site pN, l'installateur lit [pN+1])
0BE0E2 0C CE EF 0B       		mv	x,modify_table
0BE0E6 95 24             	init_3:	mv	y,[x++]
0BE0E8 6C 05             		inc	y
0BE0EA 18 15             		jrz	modify_end
0BE0EC 2C                		pushu	x
0BE0ED 94 05             		mv	x,[y]
0BE0EF 2D                		pushu	y
0BE0F0 0D F9 E2 0B       		mv	y,block_top
0BE0F4 4D 45             		sub	x,y
0BE0F6 30 85 0A          		mv	y,(10)
0BE0F9 45 45             		add	x,y
0BE0FB 3D                		popu	y
0BE0FC B4 05             		mv	[y],x
0BE0FE 3C                		popu	x
0BE0FF 13 1B             		jr	init_3
0BE101                   	modify_end:
0BE101                   	;  (8) copier le pilote en fin de chaine, puis ecrire le terminateur $ff
0BE101 0B D5 0C          		mv	i,block_bottom-block_top
0BE104 30 85 0A          		mv	y,(10)
0BE107 0C F9 E2 0B       		mv	x,block_top
0BE10B 90 24             	init_5:	mv	a,[x++]
0BE10D B0 25             		mv	[y++],a
0BE10F 7C 03             		dec	i
0BE111 1B 08             		jrnz	init_5
0BE113 08 FF             		mv	a,0ffh
0BE115 B0 05             		mv	[y],a
0BE117                   	;  (9) accrocher le vecteur clavier au handler du pilote (adresse relocalisee)
0BE117 2F                		pushu	imr
0BE118 0C 74 00 00       		mv	x,int_entry-block_top
0BE11C 30 85 0A          		mv	y,(10)
0BE11F 45 45             		add	x,y
0BE121 AC CC FC 0B       		mv	[keyvct],x
0BE125 38                		popu	a
0BE126 78 04             		or	a,keym
0BE128 28                		pushu	a
0BE129 3F                		popu	imr
0BE12A                   	;  succes : aucun fichier decale -> aucun recalage BASIC
0BE12A 0C 8D E1 0B       		mv	x,msg1
0BE12E 0D 0C 00 00       		mv	y,btm1-msg1
0BE132 30 CC D6 00       		mv	(cl),0
0BE136 09 04             		mv	il,4
0BE138 05 E4 FF 0F       		callf	fcs_call
0BE13C 9F                		rc
0BE13D 07                		retf
0BE13E                   	;  erreurs : message + retour (carry), sans toucher a BASIC
0BE13E 0C 99 E1 0B       	exit2:	mv	x,msg2
0BE142 0D 17 00 00       		mv	y,btm2-msg2
0BE146 12 08             		jr	exit_err
0BE148 0C B0 E1 0B       	exit3:	mv	x,msg3
0BE14C 0D 1B 00 00       		mv	y,btm3-msg3
0BE150                   	exit_err:
0BE150 30 CC D6 00       		mv	(cl),0
0BE154 09 04             		mv	il,4
0BE156 05 E4 FF 0F       		callf	fcs_call
0BE15A 9F                		rc				; carry CLAIR (carry arme -> Syntax error BASIC au retour)
0BE15B 07                		retf
0BE15C                   	;  helper : comparaison de chaine sur IL octets
0BE15C                   	stricmp:
0BE15C 30 E0 24 00       		mv	(0),[x++]
0BE160 90 25             		mv	a,[y++]
0BE162 30 61 00 00       		cmp	(0),0
0BE166 18 0A             		jrz	stricmp1
0BE168 30 63 00          		cmp	(0),a
0BE16B 1A 09             		jrnz	stricmp2
0BE16D 7C 01             		dec	il
0BE16F 1B 15             		jrnz	stricmp
0BE171 07                		retf
0BE172                   	stricmp1:
0BE172 30 63 00          		cmp	(0),a
0BE175 07                		retf
0BE176                   	stricmp2:
0BE176 07                		retf
0BE177                   	;  messages
0BE177 52 45 47 49 53 54 	msg0:	db	'REGISTER3 (template)',13,10
0BE17D 45 52 33 20 28 74 	
0BE183 65 6D 70 6C 61 74 	
0BE189 65 29 0D 0A       	
0BE18D                   	btm0:
0BE18D 49 6E 73 74 61 6C 	msg1:	db	'Installed.',13,10
0BE193 6C 65 64 2E 0D 0A 	
0BE199                   	btm1:
0BE199 45 72 72 6F 72 3A 	msg2:	db	'Error: already exist.',13,10
0BE19F 20 61 6C 72 65 61 	
0BE1A5 64 79 20 65 78 69 	
0BE1AB 73 74 2E 0D 0A    	
0BE1B0                   	btm2:
0BE1B0 45 72 72 6F 72 3A 	msg3:	db	'Error: not enough memory.',13,10
0BE1B6 20 6E 6F 74 20 65 	
0BE1BC 6E 6F 75 67 68 20 	
0BE1C2 6D 65 6D 6F 72 79 	
0BE1C8 2E 0D 0A          	
0BE1CB                   	btm3:
0BE1CB                   	
0BE1CB                   	;-----------------------------------------------------------
0BE1CB                   	;       DESINSTALLATEUR  (CALL &BE000 -u)
0BE1CB                   	;
0BE1CB                   	;  Defait ce que l'installation a fait : delie le device de la chaine et
0BE1CB                   	;  restaure le vecteur clavier depuis la copie sauvegardee dans le pilote.
0BE1CB                   	;  Verifie d'abord etre au SOMMET de la pile de hooks (le vecteur clavier
0BE1CB                   	;  pointe-t-il encore vers NOTRE handler ?) : sinon un pilote a ete charge
0BE1CB                   	;  ensuite et le retrait casserait sa chaine -> refus propre.
0BE1CB                   	;-----------------------------------------------------------
0BE1CB                   	uninstall:
0BE1CB 0C 60 E2 0B       		mv	x,msg_un
0BE1CF 0D 13 00 00       		mv	y,btm_un-msg_un
0BE1D3 30 CC D6 00       		mv	(cl),0
0BE1D7 09 04             		mv	il,4
0BE1D9 05 E4 FF 0F       		callf	fcs_call
0BE1DD                   	;  chercher notre device dans la chaine, en gardant le predecesseur
0BE1DD 0D A2 FC 0B       		mv	y,d_link		; y = emplacement du pointeur vers l'en-tete courant
0BE1E1                   	un_find:
0BE1E1 94 05             		mv	x,[y]
0BE1E3 6C 04             		inc	x
0BE1E5 18 65             		jrz	un_notfound		; -1 : fin de chaine, non trouve
0BE1E7 7C 04             		dec	x
0BE1E9 30 A4 0A          		mv	(10),x			; (10) = en-tete courant
0BE1EC 30 A5 0D          		mv	(13),y			; (13) = predecesseur (emplacement du pointeur)
0BE1EF 09 08             		mv	il,8
0BE1F1 45 41             		add	x,il			; x = en-tete + 8 = nom de device
0BE1F3 0D F5 E2 0B       		mv	y,drv_str
0BE1F7 09 04             		mv	il,4
0BE1F9 05 5C E1 0B       		callf	stricmp
0BE1FD 30 84 0A          		mv	x,(10)
0BE200 30 85 0D          		mv	y,(13)
0BE203 18 04             		jrz	un_found
0BE205 FD 54             		mv	y,x			; avancer : predecesseur = en-tete courant
0BE207 13 28             		jr	un_find
0BE209                   	un_found:
0BE209                   	;  x = notre en-tete ; (13) = predecesseur
0BE209                   	;  securite : le vecteur clavier pointe-t-il encore vers NOTRE int_entry ?
0BE209 0A 52 00          		mv	ba,int_entry-iocs_header
0BE20C 45 42             		add	x,ba			; x = notre int_entry (dans la copie)
0BE20E 8D CC FC 0B       		mv	y,[keyvct]
0BE212 4D 54             		sub	y,x
0BE214 1A 2C             		jrnz	un_notsafe		; non -> un autre pilote a hooke apres nous
0BE216                   	;  restaurer le vecteur clavier depuis la copie (save_vct)
0BE216 30 84 0A          		mv	x,(10)
0BE219 0A 79 04          		mv	ba,save_vct-iocs_header
0BE21C 45 42             		add	x,ba			; x = save_vct (dans la copie)
0BE21E 94 04             		mv	x,[x]			; x = vecteur clavier d'origine
0BE220 AC CC FC 0B       		mv	[keyvct],x
0BE224                   	;  delier de la chaine : [predecesseur] = notre lien suivant
0BE224 30 84 0A          		mv	x,(10)
0BE227 94 04             		mv	x,[x]			; x = notre lien suivant (3 premiers octets de l'en-tete)
0BE229 30 85 0D          		mv	y,(13)
0BE22C B4 05             		mv	[y],x
0BE22E                   	;  Le pilote n'est plus dans la chaine des devices, mais son bloc reste en
0BE22E                   	;  memoire avec l'attribut 'Protected' du systeme de fichiers (que KILL refuse).
0BE22E                   	;  Le flag Protected de BASIC n'est PAS le bit 0Ch teste par REGISTER (verifie
0BE22E                   	;  sur emulateur : effacer 0Ch ne suffit pas). On laisse donc l'utilisateur
0BE22E                   	;  lever la protection puis liberer, via les commandes BASIC affichees ci-apres
0BE22E                   	;  (la ROM met alors proprement a jour le repertoire et recompacte) :
0BE22E                   	;      SET  "S1:REGIST3.SYS"," "   (oter la protection)
0BE22E                   	;      KILL "S1:REGIST3.SYS"       (liberer la memoire)
0BE22E                   	;  succes
0BE22E 0C 73 E2 0B       		mv	x,msg_ok
0BE232 0D 51 00 00       		mv	y,btm_ok-msg_ok
0BE236 30 CC D6 00       		mv	(cl),0
0BE23A 09 04             		mv	il,4
0BE23C 05 E4 FF 0F       		callf	fcs_call
0BE240 9F                		rc
0BE241 07                		retf
0BE242                   	un_notsafe:
0BE242 0C C4 E2 0B       		mv	x,msg_ns
0BE246 0D 1C 00 00       		mv	y,btm_ns-msg_ns
0BE24A 12 08             		jr	un_err
0BE24C                   	un_notfound:
0BE24C 0C E0 E2 0B       		mv	x,msg_nf
0BE250 0D 15 00 00       		mv	y,btm_nf-msg_nf
0BE254                   	un_err:
0BE254 30 CC D6 00       		mv	(cl),0
0BE258 09 04             		mv	il,4
0BE25A 05 E4 FF 0F       		callf	fcs_call
0BE25E 9F                		rc				; carry CLAIR (carry arme -> Syntax error BASIC au retour)
0BE25F 07                		retf
0BE260                   	
0BE260 55 6E 69 6E 73 74 	msg_un:	db	'Uninstalling RG3:',13,10
0BE266 61 6C 6C 69 6E 67 	
0BE26C 20 52 47 33 3A 0D 	
0BE272 0A                	
0BE273                   	btm_un:
0BE273 55 6E 69 6E 73 74 	msg_ok:	db	'Uninstalled. To free memory :',13,10
0BE279 61 6C 6C 65 64 2E 	
0BE27F 20 54 6F 20 66 72 	
0BE285 65 65 20 6D 65 6D 	
0BE28B 6F 72 79 20 3A 0D 	
0BE291 0A                	
0BE292 53 45 54 20 20 22 		db	'SET  "S1:'
0BE298 53 31 3A          	
0BE29B 52 45 47 49 53 54 		db	'REGIST3'
0BE2A1 33                	
0BE2A2 2E                		db	'.'
0BE2A3 53 59 53          		db	'SYS'
0BE2A6 22 2C 22 20 22 0D 		db	'"," "',13,10
0BE2AC 0A                	
0BE2AD 4B 49 4C 4C 20 22 		db	'KILL "S1:'
0BE2B3 53 31 3A          	
0BE2B6 52 45 47 49 53 54 		db	'REGIST3'
0BE2BC 33                	
0BE2BD 2E                		db	'.'
0BE2BE 53 59 53          		db	'SYS'
0BE2C1 22 0D 0A          		db	'"',13,10
0BE2C4                   	btm_ok:
0BE2C4 43 61 6E 6E 6F 74 	msg_ns:	db	'Cannot: hooked by another.',13,10
0BE2CA 3A 20 68 6F 6F 6B 	
0BE2D0 65 64 20 62 79 20 	
0BE2D6 61 6E 6F 74 68 65 	
0BE2DC 72 2E 0D 0A       	
0BE2E0                   	btm_ns:
0BE2E0 52 47 33 3A 20 6E 	msg_nf:	db	'RG3: not installed.',13,10
0BE2E6 6F 74 20 69 6E 73 	
0BE2EC 74 61 6C 6C 65 64 	
0BE2F2 2E 0D 0A          	
0BE2F5                   	btm_nf:
0BE2F5 52 47 33 3A       	drv_str:	db	'RG3:'
0BE2F9                   	
0BE2F9                   	block_top:
0BE2F9 FB                		db	blk_id			;block name (8.3, complete par la macro)
0BE2FA                   	_n83:
0BE2FA 52 45 47 49 53 54 		db	'REGIST3'
0BE300 33                	
0BE301 20                		ds	8-(*-_n83),' '		; completer le nom a 8 caracteres
0BE302 53 59 53          		db	'SYS'
0BE305 25                		db	25h				;block attr
0BE306 00 00 00 00       		dw	0,0				;date,time
0BE30A D5 0C 00          		dp	block_bottom - block_top	;block size
0BE30D 00 00             		dw	0
0BE30F D5 0C 00          		dp	block_bottom - block_top	;file size
0BE312 D5 0C 00          		dp	block_bottom - block_top	;block size
0BE315 00 00 00 00 00 00 		dp	0,0
0BE31B                   	;
0BE31B                   	iocs_header:
0BE31B 00 00 00          	header:	dp	0
0BE31E 0B                	number:	db	11
0BE31F 63                	attr:	db	063h
0BE320 2C E3 0B          	adrs:	dp	iocs_entry
0BE323 52 47 33 3A 00    		db	'RG3:',0
0BE328                   	;
0BE328                   	iocs_found:
0BE328 00                		db	0		;flag of following icos.11 adress effective
0BE329                   	iocs_eleven:
0BE329 00 00 00          		dp	0		;original  iocs No.11 adress
0BE32C                   	;
0BE32C                   	;
0BE32C                   	iocs_entry:
0BE32C 28                		pushu	a
0BE32D FD 01             		mv	a,il
0BE32F 60 40             		cmp	a,40h
0BE331 18 1D             		jrz	iocs_40h
0BE333 38                		popu	a
0BE334                   	;
0BE334                   	org_iocs_call:
0BE334 28                		pushu	a
0BE335 88 28 E3 0B       	p0:	mv	a,[iocs_found]
0BE339 60 00             		cmp	a,0
0BE33B 38                		popu	a
0BE33C 18 10             		jrz	no_org_iocs
0BE33E 2C                		pushu	x
0BE33F 0C 4D E3 0B       	p1:	mv	x,return_adrs
0BE343 B4 37             		pushs	x
0BE345 8C 29 E3 0B       	p2:	mv	x,[iocs_eleven]
0BE349 B4 37             		pushs	x
0BE34B 3C                		popu	x
0BE34C 07                		retf
0BE34D                   	return_adrs:
0BE34D 07                		retf
0BE34E                   	;
0BE34E                   	no_org_iocs:
0BE34E 9F                		rc
0BE34F 07                		retf
0BE350                   	;
0BE350                   	iocs_40h:
0BE350 38                		popu	a
0BE351 8C CC FC 0B       		mv	x,[keyvct]
0BE355 0D 6D E3 0B       	p3:	mv	y,int_entry
0BE359 4D 45             		sub	x,y
0BE35B 18 0E             		jrz	iocs40a
0BE35D 2F                		pushu	imr
0BE35E 0C 6D E3 0B       	p4:	mv	x,int_entry
0BE362 AC CC FC 0B       		mv	[keyvct],x
0BE366 38                		popu	a
0BE367 78 04             		or	a,keym
0BE369 28                		pushu	a
0BE36A 3F                		popu	imr
0BE36B 9F                	iocs40a:rc
0BE36C 07                		retf
0BE36D                   	;
0BE36D                   	;
0BE36D                   	int_entry:
0BE36D 30 CC F0 01       		mv	(ko_lo),01h		;strove for key matrix
0BE371 30 71 F1 F8       		and	(ko_hi),$f8
0BE375 00                		nop
0BE376 30 80 F2          		mv	a,(ki_in)
0BE379 70 C0             		and	a,0c0h
0BE37B 68 C0             		xor	a,0c0h			;key data check (SHIFT+CTRL)
0BE37D 18 1F             		jrz	begin
0BE37F 30 CC F0 00       		mv	(ko_lo),0
0BE383 30 71 F1 F8       		and	(ko_hi),$f8
0BE387                   	;
0BE387 2C                		pushu	x
0BE388 28                		pushu	a
0BE389 88 97 E7 0B       	p5:	mv	a,[save_imr]
0BE38D 70 04             		and	a,keym
0BE38F 1A 04             		jrnz	jump_org_int
0BE391 38                		popu	a
0BE392 3C                		popu	x
0BE393 9F                		rc
0BE394 07                		retf
0BE395                   	;
0BE395                   	jump_org_int:
0BE395 8C 94 E7 0B       	p6:	mv	x,[save_vct]
0BE399 B4 37             		pushs	x
0BE39B 38                		popu	a
0BE39C 3C                		popu	x
0BE39D 07                		retf
0BE39E                   	;
0BE39E                   	;
0BE39E                   	begin:
0BE39E 2F                		pushu	imr
0BE39F 30 E8 36 EC       		mv	[--u],(bp_p)		;BP save
0BE3A3 30 CC EC 00       		mv	(bp_p),0h		;BP=0
0BE3A7                   	;
0BE3A7                   		pre_off
0BE3A7                   	;
0BE3A7 EA 36 00          		mvp	[--u],(0)
0BE3AA EA 36 03          		mvp	[--u],(3)
0BE3AD EA 36 06          		mvp	[--u],(6)
0BE3B0                   	;
0BE3B0 05 6E E6 0B       	p7:	callf	save_vram		;VRAM save
0BE3B4                   	;
0BE3B4 05 9C E5 0B       	p8:	callf	get_regs
0BE3B8                   	;
0BE3B8 05 16 E4 0B       	p9:	callf	disp_regs
0BE3BC                   	;
0BE3BC                   	waitky:
0BE3BC CC F0 02          		mv	(ko_lo),02h
0BE3BF 71 F1 F8          		and	(ko_hi),$f8
0BE3C2 00                		nop
0BE3C3 80 F2             		mv	a,(ki_in)
0BE3C5 60 04             		cmp	a,04h
0BE3C7 18 3B             		jrz	disp_s			;[S] key
0BE3C9 CC F0 08          		mv	(ko_lo),08h
0BE3CC 71 F1 F8          		and	(ko_hi),$f8
0BE3CF 00                		nop
0BE3D0 80 F2             		mv	a,(ki_in)
0BE3D2 60 02             		cmp	a,02h
0BE3D4 18 34             		jrz	disp_u			;[U] key
0BE3D6 CC F0 04          		mv	(ko_lo),04h
0BE3D9 71 F1 F8          		and	(ko_hi),$f8
0BE3DC 00                		nop
0BE3DD 80 F2             		mv	a,(ki_in)
0BE3DF 60 01             		cmp	a,01h
0BE3E1 18 2D             		jrz	disp_r			;[R] key
0BE3E3 CC F0 01          		mv	(ko_lo),01h
0BE3E6 71 F1 F8          		and	(ko_hi),$f8
0BE3E9 00                		nop
0BE3EA 80 F2             		mv	a,(ki_in)
0BE3EC 70 C0             		and	a,0c0h
0BE3EE 68 C0             		xor	a,0c0h
0BE3F0 19 36             		jrz	waitky
0BE3F2                   	;
0BE3F2 05 77 E6 0B       	p10:	callf	restore_vram		;VRAM restore
0BE3F6                   	;
0BE3F6 E2 26 06          		mvp	(6),[u++]
0BE3F9 E2 26 03          		mvp	(3),[u++]
0BE3FC E2 26 00          		mvp	(0),[u++]
0BE3FF E0 26 EC          		mv	(bp_p),[u++]		;restore BP
0BE402 3F                		popu	imr
0BE403 07                		retf
0BE404                   	;
0BE404                   	disp_s:
0BE404 05 E7 E5 0B       	p11:	callf	s_rgstr
0BE408 13 4E             		jr	waitky
0BE40A                   	;
0BE40A                   	disp_u:
0BE40A 05 2F E6 0B       	p12:	callf	u_rgstr
0BE40E 13 54             		jr	waitky
0BE410                   	;
0BE410                   	disp_r:
0BE410 05 16 E4 0B       	p13:	callf	disp_regs
0BE414 13 5A             		jr	waitky
0BE416                   	;
0BE416                   	;
0BE416                   	disp_regs:
0BE416 05 43 E6 0B       	p14:	callf	clrscrn
0BE41A                   	;
0BE41A 0C 98 E7 0B       	p15:	mv	x,stacks
0BE41E 0D AE E7 0B       	p16:	mv	y,chars
0BE422                   	;
0BE422 08 50             		mv	a,'P'			;'PS:PC=xxxxxx '
0BE424 B0 25             		mv	[y++],a
0BE426 08 53             		mv	a,'S'
0BE428 B0 25             		mv	[y++],a
0BE42A 08 3A             		mv	a,':'
0BE42C B0 25             		mv	[y++],a
0BE42E 08 50             		mv	a,'P'
0BE430 B0 25             		mv	[y++],a
0BE432 08 43             		mv	a,'C'
0BE434 B0 25             		mv	[y++],a
0BE436 08 3D             		mv	a,'='
0BE438 B0 25             		mv	[y++],a
0BE43A 90 84 04          		mv	a,[x+4]
0BE43D 05 52 E6 0B       	p17:	callf	hexwrite
0BE441 90 84 03          		mv	a,[x+3]
0BE444 05 52 E6 0B       	p18:	callf	hexwrite
0BE448 90 84 02          		mv	a,[x+2]
0BE44B 05 52 E6 0B       	p19:	callf	hexwrite
0BE44F 08 20             		mv	a,' '
0BE451 B0 25             		mv	[y++],a
0BE453                   	;
0BE453 08 53             		mv	a,'S'			;'S=xxxxxx '
0BE455 B0 25             		mv	[y++],a
0BE457 08 3D             		mv	a,'='
0BE459 B0 25             		mv	[y++],a
0BE45B 90 84 07          		mv	a,[x+7]
0BE45E 05 52 E6 0B       	p20:	callf	hexwrite
0BE462 90 84 06          		mv	a,[x+6]
0BE465 05 52 E6 0B       	p21:	callf	hexwrite
0BE469 90 84 05          		mv	a,[x+5]
0BE46C 05 52 E6 0B       	p22:	callf	hexwrite
0BE470 08 20             		mv	a,' '
0BE472 B0 25             		mv	[y++],a
0BE474                   	;
0BE474 08 55             		mv	a,'U'			;'U=xxxxxx'
0BE476 B0 25             		mv	[y++],a
0BE478 08 3D             		mv	a,'='
0BE47A B0 25             		mv	[y++],a
0BE47C 90 84 15          		mv	a,[x+21]
0BE47F 05 52 E6 0B       	p23:	callf	hexwrite
0BE483 90 84 14          		mv	a,[x+20]
0BE486 05 52 E6 0B       	p24:	callf	hexwrite
0BE48A 90 84 13          		mv	a,[x+19]
0BE48D 05 52 E6 0B       	p25:	callf	hexwrite
0BE491                   	;
0BE491 0D D6 E7 0B       	p26:	mv	y,chars+40
0BE495                   	;
0BE495 08 58             		mv	a,'X'			;'X=xxxxxx '
0BE497 B0 25             		mv	[y++],a
0BE499 08 3D             		mv	a,'='
0BE49B B0 25             		mv	[y++],a
0BE49D 90 84 0E          		mv	a,[x+14]
0BE4A0 05 52 E6 0B       	p27:	callf	hexwrite
0BE4A4 90 84 0D          		mv	a,[x+13]
0BE4A7 05 52 E6 0B       	p28:	callf	hexwrite
0BE4AB 90 84 0C          		mv	a,[x+12]
0BE4AE 05 52 E6 0B       	p29:	callf	hexwrite
0BE4B2 08 20             		mv	a,' '
0BE4B4 B0 25             		mv	[y++],a
0BE4B6                   	;
0BE4B6 08 59             		mv	a,'Y'			;'Y=xxxxxx '
0BE4B8 B0 25             		mv	[y++],a
0BE4BA 08 3D             		mv	a,'='
0BE4BC B0 25             		mv	[y++],a
0BE4BE 90 84 0B          		mv	a,[x+11]
0BE4C1 05 52 E6 0B       	p30:	callf	hexwrite
0BE4C5 90 84 0A          		mv	a,[x+10]
0BE4C8 05 52 E6 0B       	p31:	callf	hexwrite
0BE4CC 90 84 09          		mv	a,[x+9]
0BE4CF 05 52 E6 0B       	p32:	callf	hexwrite
0BE4D3 08 20             		mv	a,' '
0BE4D5 B0 25             		mv	[y++],a
0BE4D7                   	;
0BE4D7 08 49             		mv	a,'I'			;'I=xxxx '
0BE4D9 B0 25             		mv	[y++],a
0BE4DB 08 3D             		mv	a,'='
0BE4DD B0 25             		mv	[y++],a
0BE4DF 90 84 10          		mv	a,[x+16]
0BE4E2 05 52 E6 0B       	p33:	callf	hexwrite
0BE4E6 90 84 0F          		mv	a,[x+15]
0BE4E9 05 52 E6 0B       	p34:	callf	hexwrite
0BE4ED 08 20             		mv	a,' '
0BE4EF B0 25             		mv	[y++],a
0BE4F1                   	;
0BE4F1 08 42             		mv	a,'B'			;'BA=xxxx'
0BE4F3 B0 25             		mv	[y++],a
0BE4F5 08 41             		mv	a,'A'
0BE4F7 B0 25             		mv	[y++],a
0BE4F9 08 3D             		mv	a,'='
0BE4FB B0 25             		mv	[y++],a
0BE4FD 90 84 12          		mv	a,[x+18]
0BE500 05 52 E6 0B       	p35:	callf	hexwrite
0BE504 90 84 11          		mv	a,[x+17]
0BE507 05 52 E6 0B       	p36:	callf	hexwrite
0BE50B                   	;
0BE50B 0D FE E7 0B       	p37:	mv	y,chars+80
0BE50F                   	;
0BE50F 08 46             		mv	a,'F'			;'FLAGS=xx '
0BE511 B0 25             		mv	[y++],a
0BE513 08 4C             		mv	a,'L'
0BE515 B0 25             		mv	[y++],a
0BE517 08 41             		mv	a,'A'
0BE519 B0 25             		mv	[y++],a
0BE51B 08 47             		mv	a,'G'
0BE51D B0 25             		mv	[y++],a
0BE51F 08 53             		mv	a,'S'
0BE521 B0 25             		mv	[y++],a
0BE523 08 3D             		mv	a,'='
0BE525 B0 25             		mv	[y++],a
0BE527 90 84 01          		mv	a,[x+1]
0BE52A 05 52 E6 0B       	p38:	callf	hexwrite
0BE52E 08 20             		mv	a,' '
0BE530 B0 25             		mv	[y++],a
0BE532                   	;
0BE532 08 42             		mv	a,'B'			;'BP=xx '
0BE534 B0 25             		mv	[y++],a
0BE536 08 50             		mv	a,'P'
0BE538 B0 25             		mv	[y++],a
0BE53A 08 3D             		mv	a,'='
0BE53C B0 25             		mv	[y++],a
0BE53E 90 84 08          		mv	a,[x+8]
0BE541 05 52 E6 0B       	p39:	callf	hexwrite
0BE545 08 20             		mv	a,' '
0BE547 B0 25             		mv	[y++],a
0BE549                   	;
0BE549 08 49             		mv	a,'I'			;'IMR=xx'
0BE54B B0 25             		mv	[y++],a
0BE54D 08 4D             		mv	a,'M'
0BE54F B0 25             		mv	[y++],a
0BE551 08 52             		mv	a,'R'
0BE553 B0 25             		mv	[y++],a
0BE555 08 3D             		mv	a,'='
0BE557 B0 25             		mv	[y++],a
0BE559 90 04             		mv	a,[x]
0BE55B 05 52 E6 0B       	p40:	callf	hexwrite
0BE55F                   	;
0BE55F 05 64 E5 0B       	p41:	callf	mk_scrn
0BE563 07                		retf
0BE564                   	;
0BE564                   	mk_scrn:
0BE564 0C AE E7 0B       	p42:	mv	x,chars
0BE568 0D 4E E8 0B       	p43:	mv	y,VRAM
0BE56C 09 A0             		mv	il,160
0BE56E                   	;
0BE56E 0A 00 00          	d0:	mv	ba,0
0BE571 90 24             		mv	a,[x++]
0BE573 48 20             		sub	a,20h
0BE575 2C                		pushu	x
0BE576 8C 90 FC 0B       		mv	x,[0bfc90h]	;font pointer
0BE57A 46 00             		add	a,a
0BE57C 45 40             		add	x,a
0BE57E 46 00             		add	a,a
0BE580 45 40             		add	x,a
0BE582 29                		pushu	il
0BE583                   	;
0BE583 09 06             		mv	il,6
0BE585 90 24             	d1:	mv	a,[x++]
0BE587 B0 25             		mv	[y++],a
0BE589 7C 01             		dec	il
0BE58B 1B 08             		jrnz	d1
0BE58D                   	;
0BE58D 39                		popu	il
0BE58E 3C                		popu	x
0BE58F 7C 01             		dec	il
0BE591 1B 25             		jrnz	d0
0BE593                   	;
0BE593 0C 4E E8 0B       	p44:	mv	x,VRAM
0BE597 05 80 E6 0B       	p45:	callf	disp
0BE59B 07                		retf
0BE59C                   	;
0BE59C                   	;
0BE59C                   	get_regs:
0BE59C 0D 98 E7 0B       	p46:	mv	y,stacks
0BE5A0 FD 47             		mv	x,s
0BE5A2 6C 04             		inc	x
0BE5A4 6C 04             		inc	x			;RETURN ADRS of "get_regs"
0BE5A6 6C 04             		inc	x
0BE5A8 6C 04             		inc	x
0BE5AA 6C 04             		inc	x			;RETURN ADRS = F2098h  in INT_SERVICE
0BE5AC 6C 04             		inc	x
0BE5AE 90 24             		mv	a,[x++]			;IMR
0BE5B0 B0 25             		mv	[y++],a
0BE5B2 90 24             		mv	a,[x++]			;FLAGS
0BE5B4 B0 25             		mv	[y++],a
0BE5B6 E2 24 00          		mvp	(0),[x++]		;PS:PC
0BE5B9 EA 25 00          		mvp	[y++],(0)
0BE5BC B4 25             		mv	[y++],x			;S-STACK register
0BE5BE                   	;
0BE5BE FD 46             		mv	x,u
0BE5C0 09 09             		mv	il,9
0BE5C2 45 43             		add	x,i			;(0) .. (8)
0BE5C4 90 24             		mv	a,[x++]			;BP
0BE5C6 B0 25             		mv	[y++],a
0BE5C8 90 24             		mv	a,[x++]			;IMR (already masked ,bit7=0)
0BE5CA 90 24             		mv	a,[x++]			;isr/issr mask pattern (key=FBh)
0BE5CC E2 24 00          		mvp	(0),[x++]		;Y
0BE5CF EA 25 00          		mvp	[y++],(0)
0BE5D2 E2 24 00          		mvp	(0),[x++]		;X
0BE5D5 EA 25 00          		mvp	[y++],(0)
0BE5D8 E1 24 00          		mvw	(0),[x++]		;I
0BE5DB E9 25 00          		mvw	[y++],(0)
0BE5DE E1 24 00          		mvw	(0),[x++]		;BA
0BE5E1 E9 25 00          		mvw	[y++],(0)
0BE5E4 B4 25             		mv	[y++],x			;U-STACK register
0BE5E6 07                		retf
0BE5E7                   	;
0BE5E7                   	;
0BE5E7                   	s_rgstr:
0BE5E7 05 43 E6 0B       	p47:	callf	clrscrn
0BE5EB                   	;
0BE5EB 0D AE E7 0B       	p48:	mv	y,chars
0BE5EF 0C 98 E7 0B       	p49:	mv	x,stacks
0BE5F3 94 84 05          		mv	x,[x+5]
0BE5F6 CC 04 04          		mv	(4),4
0BE5F9 09 08             	dsp00:	mv	il,8
0BE5FB A4 00             		mv	(0),x
0BE5FD 80 02             		mv	a,(2)
0BE5FF 05 52 E6 0B       	p50:	callf	hexwrite
0BE603 80 01             		mv	a,(1)
0BE605 05 52 E6 0B       	p51:	callf	hexwrite
0BE609 80 00             		mv	a,(0)
0BE60B 05 52 E6 0B       	p52:	callf	hexwrite
0BE60F 08 20             		mv	a,' '
0BE611 B0 25             		mv	[y++],a
0BE613 90 24             	dsps0:	mv	a,[x++]
0BE615 05 52 E6 0B       	p53:	callf	hexwrite
0BE619 08 20             		mv	a,' '
0BE61B B0 25             		mv	[y++],a
0BE61D 7C 01             		dec	il
0BE61F 1B 0E             		jrnz	dsps0
0BE621 0A 09 00          		mv	ba,9
0BE624 45 52             		add	y,ba
0BE626 7D 04             		dec	(4)
0BE628 1B 31             		jrnz	dsp00
0BE62A                   	;
0BE62A 05 64 E5 0B       	p54:	callf	mk_scrn
0BE62E 07                		retf
0BE62F                   	;
0BE62F                   	;
0BE62F                   	u_rgstr:
0BE62F 05 43 E6 0B       	p55:	callf	clrscrn
0BE633                   	;
0BE633 0D AE E7 0B       	p56:	mv	y,chars
0BE637 0C 98 E7 0B       	p57:	mv	x,stacks
0BE63B 94 84 13          		mv	x,[x+19]
0BE63E CC 04 04          		mv	(4),4
0BE641 13 4A             		jr	dsp00
0BE643                   	;
0BE643                   	;
0BE643                   	clrscrn:
0BE643 0D AE E7 0B       	p58:	mv	y,chars
0BE647 08 20             		mv	a,' '
0BE649 09 A0             		mv	il,160
0BE64B B0 25             	clrs0:	mv	[y++],a
0BE64D 7C 01             		dec	il
0BE64F 1B 06             		jrnz	clrs0
0BE651 07                		retf
0BE652                   	;
0BE652                   	;
0BE652                   	hexwrite:
0BE652 28                		pushu	a
0BE653 EE                		swap	a
0BE654 70 0F             		and	a,0fh
0BE656 60 0A             		cmp	a,10
0BE658 1C 02             		jrc	hx0
0BE65A 40 07             		add	a,'A'-'0'-10
0BE65C 40 30             	hx0:	add	a,'0'
0BE65E B0 25             		mv	[y++],a
0BE660 38                		popu	a
0BE661 70 0F             		and	a,0fh
0BE663 60 0A             		cmp	a,10
0BE665 1C 02             		jrc	hx1
0BE667 40 07             		add	a,'A'-'0'-10
0BE669 40 30             	hx1:	add	a,'0'
0BE66B B0 25             		mv	[y++],a
0BE66D 07                		retf
0BE66E                   	;
0BE66E                   	;
0BE66E                   	save_vram:
0BE66E 0C 0E EC 0B       	p59:	mv	x,VRAM2			;VRAM save
0BE672 05 F8 E6 0B       	p60:	callf	vcopy
0BE676 07                		retf
0BE677                   	;
0BE677                   	;
0BE677                   	restore_vram:
0BE677 0C 0E EC 0B       	p61:	mv	x,VRAM2			;VRAM restore
0BE67B 05 80 E6 0B       	p62:	callf	disp
0BE67F 07                		retf
0BE680                   	;
0BE680                   	;
0BE680                   	disp:					;transfer virtual VRAM --> LCD
0BE680 CC 03 04          		mv	(3),4
0BE683 F0 80 00 E6 08    		mv	(0),[(0e6h)+8]
0BE688 79 00 B8          		or	(0),0b8h
0BE68B D8 04 A0 00 00    	l0:	mv	[lcd_cl],(0)
0BE690 D8 08 A0 00 00    		mv	[lcd_cr],(0)
0BE695 CD 01 40 38       		mvw	(1),3840h
0BE699 D8 04 A0 00 01    		mv	[lcd_cl],(1)
0BE69E D8 08 A0 00 01    		mv	[lcd_cr],(1)
0BE6A3 90 24             	l5:	mv	a,[x++]
0BE6A5 A8 06 A0 00       		mv	[lcd_dl],a
0BE6A9 7D 01             		dec	(1)
0BE6AB 1B 0A             		jrnz	l5
0BE6AD 90 24             	l6:	mv	a,[x++]
0BE6AF A8 0A A0 00       		mv	[lcd_dr],a
0BE6B3 7D 02             		dec	(2)
0BE6B5 1B 0A             		jrnz	l6
0BE6B7 CD 01 40 38       		mvw	(1),3840h
0BE6BB D8 04 A0 00 01    		mv	[lcd_cl],(1)
0BE6C0 D8 08 A0 00 01    		mv	[lcd_cr],(1)
0BE6C5 80 00             		mv	a,(0)
0BE6C7 48 04             		sub	a,4
0BE6C9 78 B8             		or	a,0b8h
0BE6CB A8 04 A0 00       		mv	[lcd_cl],a
0BE6CF A8 08 A0 00       		mv	[lcd_cr],a
0BE6D3 09 78             		mv	il,78h
0BE6D5 45 41             		add	x,il
0BE6D7 90 34             	l1:	mv	a,[--x]
0BE6D9 A8 06 A0 00       		mv	[lcd_dl],a
0BE6DD 7D 01             		dec	(1)
0BE6DF 1B 0A             		jrnz	l1
0BE6E1 90 34             	l2:	mv	a,[--x]
0BE6E3 A8 0A A0 00       		mv	[lcd_dr],a
0BE6E7 7D 02             		dec	(2)
0BE6E9 1B 0A             		jrnz	l2
0BE6EB 45 41             		add	x,il
0BE6ED 49 00 07          		sub	(0),7
0BE6F0 79 00 B8          		or	(0),0b8h
0BE6F3 7D 03             		dec	(3)
0BE6F5 1B 6C             		jrnz	l0
0BE6F7 07                		retf
0BE6F8                   	;
0BE6F8                   	vcopy:					;transfer LCD --> virtual VRAM
0BE6F8 0A 00 00          		mv	ba,0
0BE6FB CC 03 10          		mv	(3),10h
0BE6FE F0 80 00 E6 08    		mv	(0),[(0e6h)+8]
0BE703 DC 04 04 A0 00    		mvp	(4),lcd_cl
0BE708 CD 01 00 01       		mvw	(1),0100h
0BE70C 09 40             		mv	il,40h
0BE70E                   	vcpy1:
0BE70E 80 00             		mv	a,(0)
0BE710 42 01             		add	a,(1)
0BE712 78 B8             		or	a,0b8h
0BE714 B8 00 04          		mv	[(04)],a
0BE717 00                		nop
0BE718 00                		nop
0BE719 00                		nop
0BE71A 00                		nop
0BE71B 00                		nop
0BE71C 00                		nop
0BE71D 00                		nop
0BE71E 00                		nop
0BE71F 08 40             		mv	a,40h
0BE721 B8 00 04          		mv	[(04)],a
0BE724 00                		nop
0BE725 00                		nop
0BE726 00                		nop
0BE727 00                		nop
0BE728 00                		nop
0BE729 00                		nop
0BE72A 00                		nop
0BE72B 00                		nop
0BE72C 41 04 03          		add	(4),03h
0BE72F 98 00 04          		mv	a,[(4)]
0BE732 00                		nop
0BE733 00                		nop
0BE734 00                		nop
0BE735 00                		nop
0BE736 00                		nop
0BE737 00                		nop
0BE738 00                		nop
0BE739 00                		nop
0BE73A 98 00 04          	vcpy2:	mv	a,[(4)]
0BE73D B0 24             		mv	[x++],a
0BE73F 65 02 01          		test	(2),01h
0BE742 1A 04             		jrnz	vcpy3
0BE744 7C 04             		dec	x
0BE746 7C 04             		dec	x
0BE748 7C 01             	vcpy3:	dec	il
0BE74A 1B 12             		jrnz	vcpy2
0BE74C 49 04 03          		sub	(4),03h
0BE74F 80 03             		mv	a,(3)
0BE751 64 02             		test	a,02h
0BE753 1A 1C             		jrnz	case1
0BE755                   	case0:
0BE755 64 01             		test	a,01h
0BE757 1A 0A             		jrnz	case01
0BE759                   	case00:	
0BE759 CC 04 08          		mv	(4),08h
0BE75C 09 38             		mv	il,38h
0BE75E CC 02 01          		mv	(2),01h
0BE761 12 2C             		jr	vcpy4
0BE763                   	case01:	
0BE763 49 01 03          		sub	(1),03h
0BE766 09 40             		mv	il,40h
0BE768 CC 02 01          		mv	(2),01h
0BE76B 08 41             		mv	a,41h
0BE76D 45 40             		add	x,a
0BE76F 12 1E             		jr	vcpy4
0BE771                   	case1:
0BE771 64 01             		test	a,01h
0BE773 1A 0E             		jrnz	case11
0BE775                   	case10:
0BE775 CC 04 04          		mv	(4),04h
0BE778 09 40             		mv	il,40h
0BE77A CC 02 00          		mv	(2),0h
0BE77D 08 78             		mv	a,78h
0BE77F 45 40             		add	x,a
0BE781 12 0C             		jr	vcpy4
0BE783                   	case11:
0BE783 41 01 04          		add	(1),4
0BE786 09 38             		mv	il,38h
0BE788 CC 02 00          		mv	(2),0
0BE78B 08 37             		mv	a,37h
0BE78D 45 40             		add	x,a
0BE78F                   	;
0BE78F 7D 03             	vcpy4:	dec	(3)
0BE791 1B 85             		jrnz	vcpy1
0BE793 07                		retf
0BE794                   	;
0BE794                   	;
0BE794                   	;
0BE794                   	save_vct:
0BE794 00 00 00          		dp	0		;original  key interrupt vector
0BE797                   	save_imr:
0BE797 00                		db	0		;original  IMR
0BE798                   	;
0BE798 00 00 00 00 00 00 	stacks:	ds	22,0
0BE79E 00 00 00 00 00 00 	
0BE7A4 00 00 00 00 00 00 	
0BE7AA 00 00 00 00       	
0BE7AE 00 00 00 00 00 00 	chars:	ds	160,0
0BE7B4 00 00 00 00 00 00 	
0BE7BA 00 00 00 00 00 00 	
0BE7C0 00 00 00 00 00 00 	
0BE7C6 00 00 00 00 00 00 	
0BE7CC 00 00 00 00 00 00 	
0BE7D2 00 00 00 00 00 00 	
0BE7D8 00 00 00 00 00 00 	
0BE7DE 00 00 00 00 00 00 	
0BE7E4 00 00 00 00 00 00 	
0BE7EA 00 00 00 00 00 00 	
0BE7F0 00 00 00 00 00 00 	
0BE7F6 00 00 00 00 00 00 	
0BE7FC 00 00 00 00 00 00 	
0BE802 00 00 00 00 00 00 	
0BE808 00 00 00 00 00 00 	
0BE80E 00 00 00 00 00 00 	
0BE814 00 00 00 00 00 00 	
0BE81A 00 00 00 00 00 00 	
0BE820 00 00 00 00 00 00 	
0BE826 00 00 00 00 00 00 	
0BE82C 00 00 00 00 00 00 	
0BE832 00 00 00 00 00 00 	
0BE838 00 00 00 00 00 00 	
0BE83E 00 00 00 00 00 00 	
0BE844 00 00 00 00 00 00 	
0BE84A 00 00 00 00       	
0BE84E 00 00 00 00 00 00 	VRAM:	ds	960,0
0BE854 00 00 00 00 00 00 	
0BE85A 00 00 00 00 00 00 	
0BE860 00 00 00 00 00 00 	
0BE866 00 00 00 00 00 00 	
0BE86C 00 00 00 00 00 00 	
0BE872 00 00 00 00 00 00 	
0BE878 00 00 00 00 00 00 	
0BE87E 00 00 00 00 00 00 	
0BE884 00 00 00 00 00 00 	
0BE88A 00 00 00 00 00 00 	
0BE890 00 00 00 00 00 00 	
0BE896 00 00 00 00 00 00 	
0BE89C 00 00 00 00 00 00 	
0BE8A2 00 00 00 00 00 00 	
0BE8A8 00 00 00 00 00 00 	
0BE8AE 00 00 00 00 00 00 	
0BE8B4 00 00 00 00 00 00 	
0BE8BA 00 00 00 00 00 00 	
0BE8C0 00 00 00 00 00 00 	
0BE8C6 00 00 00 00 00 00 	
0BE8CC 00 00 00 00 00 00 	
0BE8D2 00 00 00 00 00 00 	
0BE8D8 00 00 00 00 00 00 	
0BE8DE 00 00 00 00 00 00 	
0BE8E4 00 00 00 00 00 00 	
0BE8EA 00 00 00 00 00 00 	
0BE8F0 00 00 00 00 00 00 	
0BE8F6 00 00 00 00 00 00 	
0BE8FC 00 00 00 00 00 00 	
0BE902 00 00 00 00 00 00 	
0BE908 00 00 00 00 00 00 	
0BE90E 00 00 00 00 00 00 	
0BE914 00 00 00 00 00 00 	
0BE91A 00 00 00 00 00 00 	
0BE920 00 00 00 00 00 00 	
0BE926 00 00 00 00 00 00 	
0BE92C 00 00 00 00 00 00 	
0BE932 00 00 00 00 00 00 	
0BE938 00 00 00 00 00 00 	
0BE93E 00 00 00 00 00 00 	
0BE944 00 00 00 00 00 00 	
0BE94A 00 00 00 00 00 00 	
0BE950 00 00 00 00 00 00 	
0BE956 00 00 00 00 00 00 	
0BE95C 00 00 00 00 00 00 	
0BE962 00 00 00 00 00 00 	
0BE968 00 00 00 00 00 00 	
0BE96E 00 00 00 00 00 00 	
0BE974 00 00 00 00 00 00 	
0BE97A 00 00 00 00 00 00 	
0BE980 00 00 00 00 00 00 	
0BE986 00 00 00 00 00 00 	
0BE98C 00 00 00 00 00 00 	
0BE992 00 00 00 00 00 00 	
0BE998 00 00 00 00 00 00 	
0BE99E 00 00 00 00 00 00 	
0BE9A4 00 00 00 00 00 00 	
0BE9AA 00 00 00 00 00 00 	
0BE9B0 00 00 00 00 00 00 	
0BE9B6 00 00 00 00 00 00 	
0BE9BC 00 00 00 00 00 00 	
0BE9C2 00 00 00 00 00 00 	
0BE9C8 00 00 00 00 00 00 	
0BE9CE 00 00 00 00 00 00 	
0BE9D4 00 00 00 00 00 00 	
0BE9DA 00 00 00 00 00 00 	
0BE9E0 00 00 00 00 00 00 	
0BE9E6 00 00 00 00 00 00 	
0BE9EC 00 00 00 00 00 00 	
0BE9F2 00 00 00 00 00 00 	
0BE9F8 00 00 00 00 00 00 	
0BE9FE 00 00 00 00 00 00 	
0BEA04 00 00 00 00 00 00 	
0BEA0A 00 00 00 00 00 00 	
0BEA10 00 00 00 00 00 00 	
0BEA16 00 00 00 00 00 00 	
0BEA1C 00 00 00 00 00 00 	
0BEA22 00 00 00 00 00 00 	
0BEA28 00 00 00 00 00 00 	
0BEA2E 00 00 00 00 00 00 	
0BEA34 00 00 00 00 00 00 	
0BEA3A 00 00 00 00 00 00 	
0BEA40 00 00 00 00 00 00 	
0BEA46 00 00 00 00 00 00 	
0BEA4C 00 00 00 00 00 00 	
0BEA52 00 00 00 00 00 00 	
0BEA58 00 00 00 00 00 00 	
0BEA5E 00 00 00 00 00 00 	
0BEA64 00 00 00 00 00 00 	
0BEA6A 00 00 00 00 00 00 	
0BEA70 00 00 00 00 00 00 	
0BEA76 00 00 00 00 00 00 	
0BEA7C 00 00 00 00 00 00 	
0BEA82 00 00 00 00 00 00 	
0BEA88 00 00 00 00 00 00 	
0BEA8E 00 00 00 00 00 00 	
0BEA94 00 00 00 00 00 00 	
0BEA9A 00 00 00 00 00 00 	
0BEAA0 00 00 00 00 00 00 	
0BEAA6 00 00 00 00 00 00 	
0BEAAC 00 00 00 00 00 00 	
0BEAB2 00 00 00 00 00 00 	
0BEAB8 00 00 00 00 00 00 	
0BEABE 00 00 00 00 00 00 	
0BEAC4 00 00 00 00 00 00 	
0BEACA 00 00 00 00 00 00 	
0BEAD0 00 00 00 00 00 00 	
0BEAD6 00 00 00 00 00 00 	
0BEADC 00 00 00 00 00 00 	
0BEAE2 00 00 00 00 00 00 	
0BEAE8 00 00 00 00 00 00 	
0BEAEE 00 00 00 00 00 00 	
0BEAF4 00 00 00 00 00 00 	
0BEAFA 00 00 00 00 00 00 	
0BEB00 00 00 00 00 00 00 	
0BEB06 00 00 00 00 00 00 	
0BEB0C 00 00 00 00 00 00 	
0BEB12 00 00 00 00 00 00 	
0BEB18 00 00 00 00 00 00 	
0BEB1E 00 00 00 00 00 00 	
0BEB24 00 00 00 00 00 00 	
0BEB2A 00 00 00 00 00 00 	
0BEB30 00 00 00 00 00 00 	
0BEB36 00 00 00 00 00 00 	
0BEB3C 00 00 00 00 00 00 	
0BEB42 00 00 00 00 00 00 	
0BEB48 00 00 00 00 00 00 	
0BEB4E 00 00 00 00 00 00 	
0BEB54 00 00 00 00 00 00 	
0BEB5A 00 00 00 00 00 00 	
0BEB60 00 00 00 00 00 00 	
0BEB66 00 00 00 00 00 00 	
0BEB6C 00 00 00 00 00 00 	
0BEB72 00 00 00 00 00 00 	
0BEB78 00 00 00 00 00 00 	
0BEB7E 00 00 00 00 00 00 	
0BEB84 00 00 00 00 00 00 	
0BEB8A 00 00 00 00 00 00 	
0BEB90 00 00 00 00 00 00 	
0BEB96 00 00 00 00 00 00 	
0BEB9C 00 00 00 00 00 00 	
0BEBA2 00 00 00 00 00 00 	
0BEBA8 00 00 00 00 00 00 	
0BEBAE 00 00 00 00 00 00 	
0BEBB4 00 00 00 00 00 00 	
0BEBBA 00 00 00 00 00 00 	
0BEBC0 00 00 00 00 00 00 	
0BEBC6 00 00 00 00 00 00 	
0BEBCC 00 00 00 00 00 00 	
0BEBD2 00 00 00 00 00 00 	
0BEBD8 00 00 00 00 00 00 	
0BEBDE 00 00 00 00 00 00 	
0BEBE4 00 00 00 00 00 00 	
0BEBEA 00 00 00 00 00 00 	
0BEBF0 00 00 00 00 00 00 	
0BEBF6 00 00 00 00 00 00 	
0BEBFC 00 00 00 00 00 00 	
0BEC02 00 00 00 00 00 00 	
0BEC08 00 00 00 00 00 00 	
0BEC0E 00 00 00 00 00 00 	VRAM2:	ds	960,0
0BEC14 00 00 00 00 00 00 	
0BEC1A 00 00 00 00 00 00 	
0BEC20 00 00 00 00 00 00 	
0BEC26 00 00 00 00 00 00 	
0BEC2C 00 00 00 00 00 00 	
0BEC32 00 00 00 00 00 00 	
0BEC38 00 00 00 00 00 00 	
0BEC3E 00 00 00 00 00 00 	
0BEC44 00 00 00 00 00 00 	
0BEC4A 00 00 00 00 00 00 	
0BEC50 00 00 00 00 00 00 	
0BEC56 00 00 00 00 00 00 	
0BEC5C 00 00 00 00 00 00 	
0BEC62 00 00 00 00 00 00 	
0BEC68 00 00 00 00 00 00 	
0BEC6E 00 00 00 00 00 00 	
0BEC74 00 00 00 00 00 00 	
0BEC7A 00 00 00 00 00 00 	
0BEC80 00 00 00 00 00 00 	
0BEC86 00 00 00 00 00 00 	
0BEC8C 00 00 00 00 00 00 	
0BEC92 00 00 00 00 00 00 	
0BEC98 00 00 00 00 00 00 	
0BEC9E 00 00 00 00 00 00 	
0BECA4 00 00 00 00 00 00 	
0BECAA 00 00 00 00 00 00 	
0BECB0 00 00 00 00 00 00 	
0BECB6 00 00 00 00 00 00 	
0BECBC 00 00 00 00 00 00 	
0BECC2 00 00 00 00 00 00 	
0BECC8 00 00 00 00 00 00 	
0BECCE 00 00 00 00 00 00 	
0BECD4 00 00 00 00 00 00 	
0BECDA 00 00 00 00 00 00 	
0BECE0 00 00 00 00 00 00 	
0BECE6 00 00 00 00 00 00 	
0BECEC 00 00 00 00 00 00 	
0BECF2 00 00 00 00 00 00 	
0BECF8 00 00 00 00 00 00 	
0BECFE 00 00 00 00 00 00 	
0BED04 00 00 00 00 00 00 	
0BED0A 00 00 00 00 00 00 	
0BED10 00 00 00 00 00 00 	
0BED16 00 00 00 00 00 00 	
0BED1C 00 00 00 00 00 00 	
0BED22 00 00 00 00 00 00 	
0BED28 00 00 00 00 00 00 	
0BED2E 00 00 00 00 00 00 	
0BED34 00 00 00 00 00 00 	
0BED3A 00 00 00 00 00 00 	
0BED40 00 00 00 00 00 00 	
0BED46 00 00 00 00 00 00 	
0BED4C 00 00 00 00 00 00 	
0BED52 00 00 00 00 00 00 	
0BED58 00 00 00 00 00 00 	
0BED5E 00 00 00 00 00 00 	
0BED64 00 00 00 00 00 00 	
0BED6A 00 00 00 00 00 00 	
0BED70 00 00 00 00 00 00 	
0BED76 00 00 00 00 00 00 	
0BED7C 00 00 00 00 00 00 	
0BED82 00 00 00 00 00 00 	
0BED88 00 00 00 00 00 00 	
0BED8E 00 00 00 00 00 00 	
0BED94 00 00 00 00 00 00 	
0BED9A 00 00 00 00 00 00 	
0BEDA0 00 00 00 00 00 00 	
0BEDA6 00 00 00 00 00 00 	
0BEDAC 00 00 00 00 00 00 	
0BEDB2 00 00 00 00 00 00 	
0BEDB8 00 00 00 00 00 00 	
0BEDBE 00 00 00 00 00 00 	
0BEDC4 00 00 00 00 00 00 	
0BEDCA 00 00 00 00 00 00 	
0BEDD0 00 00 00 00 00 00 	
0BEDD6 00 00 00 00 00 00 	
0BEDDC 00 00 00 00 00 00 	
0BEDE2 00 00 00 00 00 00 	
0BEDE8 00 00 00 00 00 00 	
0BEDEE 00 00 00 00 00 00 	
0BEDF4 00 00 00 00 00 00 	
0BEDFA 00 00 00 00 00 00 	
0BEE00 00 00 00 00 00 00 	
0BEE06 00 00 00 00 00 00 	
0BEE0C 00 00 00 00 00 00 	
0BEE12 00 00 00 00 00 00 	
0BEE18 00 00 00 00 00 00 	
0BEE1E 00 00 00 00 00 00 	
0BEE24 00 00 00 00 00 00 	
0BEE2A 00 00 00 00 00 00 	
0BEE30 00 00 00 00 00 00 	
0BEE36 00 00 00 00 00 00 	
0BEE3C 00 00 00 00 00 00 	
0BEE42 00 00 00 00 00 00 	
0BEE48 00 00 00 00 00 00 	
0BEE4E 00 00 00 00 00 00 	
0BEE54 00 00 00 00 00 00 	
0BEE5A 00 00 00 00 00 00 	
0BEE60 00 00 00 00 00 00 	
0BEE66 00 00 00 00 00 00 	
0BEE6C 00 00 00 00 00 00 	
0BEE72 00 00 00 00 00 00 	
0BEE78 00 00 00 00 00 00 	
0BEE7E 00 00 00 00 00 00 	
0BEE84 00 00 00 00 00 00 	
0BEE8A 00 00 00 00 00 00 	
0BEE90 00 00 00 00 00 00 	
0BEE96 00 00 00 00 00 00 	
0BEE9C 00 00 00 00 00 00 	
0BEEA2 00 00 00 00 00 00 	
0BEEA8 00 00 00 00 00 00 	
0BEEAE 00 00 00 00 00 00 	
0BEEB4 00 00 00 00 00 00 	
0BEEBA 00 00 00 00 00 00 	
0BEEC0 00 00 00 00 00 00 	
0BEEC6 00 00 00 00 00 00 	
0BEECC 00 00 00 00 00 00 	
0BEED2 00 00 00 00 00 00 	
0BEED8 00 00 00 00 00 00 	
0BEEDE 00 00 00 00 00 00 	
0BEEE4 00 00 00 00 00 00 	
0BEEEA 00 00 00 00 00 00 	
0BEEF0 00 00 00 00 00 00 	
0BEEF6 00 00 00 00 00 00 	
0BEEFC 00 00 00 00 00 00 	
0BEF02 00 00 00 00 00 00 	
0BEF08 00 00 00 00 00 00 	
0BEF0E 00 00 00 00 00 00 	
0BEF14 00 00 00 00 00 00 	
0BEF1A 00 00 00 00 00 00 	
0BEF20 00 00 00 00 00 00 	
0BEF26 00 00 00 00 00 00 	
0BEF2C 00 00 00 00 00 00 	
0BEF32 00 00 00 00 00 00 	
0BEF38 00 00 00 00 00 00 	
0BEF3E 00 00 00 00 00 00 	
0BEF44 00 00 00 00 00 00 	
0BEF4A 00 00 00 00 00 00 	
0BEF50 00 00 00 00 00 00 	
0BEF56 00 00 00 00 00 00 	
0BEF5C 00 00 00 00 00 00 	
0BEF62 00 00 00 00 00 00 	
0BEF68 00 00 00 00 00 00 	
0BEF6E 00 00 00 00 00 00 	
0BEF74 00 00 00 00 00 00 	
0BEF7A 00 00 00 00 00 00 	
0BEF80 00 00 00 00 00 00 	
0BEF86 00 00 00 00 00 00 	
0BEF8C 00 00 00 00 00 00 	
0BEF92 00 00 00 00 00 00 	
0BEF98 00 00 00 00 00 00 	
0BEF9E 00 00 00 00 00 00 	
0BEFA4 00 00 00 00 00 00 	
0BEFAA 00 00 00 00 00 00 	
0BEFB0 00 00 00 00 00 00 	
0BEFB6 00 00 00 00 00 00 	
0BEFBC 00 00 00 00 00 00 	
0BEFC2 00 00 00 00 00 00 	
0BEFC8 00 00 00 00 00 00 	
0BEFCE                   	;
0BEFCE                   	;
0BEFCE                   	block_bottom:
0BEFCE                   	;
0BEFCE                   	;-----------------------------------------------------------
0BEFCE                   	;       DEVICE-DRIVER RELOCATE-TABLE
0BEFCE                   	;-----------------------------------------------------------
0BEFCE                   	modify_table:
0BEFCE 1F E3 0B 35 E3 0B 		dp	attr,p0,p1,p2,p3,p4,p5,p6,p7,p8,p9,p10,p11,p12,p13,p14,p15
0BEFD4 3F E3 0B 45 E3 0B 	
0BEFDA 55 E3 0B 5E E3 0B 	
0BEFE0 89 E3 0B 95 E3 0B 	
0BEFE6 B0 E3 0B B4 E3 0B 	
0BEFEC B8 E3 0B F2 E3 0B 	
0BEFF2 04 E4 0B 0A E4 0B 	
0BEFF8 10 E4 0B 16 E4 0B 	
0BEFFE 1A E4 0B          	
0BF001 1E E4 0B 3D E4 0B 		dp	p16,p17,p18,p19,p20,p21,p22,p23,p24,p25,p26,p27,p28,p29
0BF007 44 E4 0B 4B E4 0B 	
0BF00D 5E E4 0B 65 E4 0B 	
0BF013 6C E4 0B 7F E4 0B 	
0BF019 86 E4 0B 8D E4 0B 	
0BF01F 91 E4 0B A0 E4 0B 	
0BF025 A7 E4 0B AE E4 0B 	
0BF02B C1 E4 0B C8 E4 0B 		dp	p30,p31,p32,p33,p34,p35,p36,p37,p38,p39,p40,p41,p42,p43
0BF031 CF E4 0B E2 E4 0B 	
0BF037 E9 E4 0B 00 E5 0B 	
0BF03D 07 E5 0B 0B E5 0B 	
0BF043 2A E5 0B 41 E5 0B 	
0BF049 5B E5 0B 5F E5 0B 	
0BF04F 64 E5 0B 68 E5 0B 	
0BF055 93 E5 0B 97 E5 0B 		dp	p44,p45,p46,p47,p48,p49,p50,p51,p52,p53,p54,p55,p56,p57
0BF05B 9C E5 0B E7 E5 0B 	
0BF061 EB E5 0B EF E5 0B 	
0BF067 FF E5 0B 05 E6 0B 	
0BF06D 0B E6 0B 15 E6 0B 	
0BF073 2A E6 0B 2F E6 0B 	
0BF079 33 E6 0B 37 E6 0B 	
0BF07F 43 E6 0B 6E E6 0B 		dp	p58,p59,p60,p61,p62
0BF085 72 E6 0B 77 E6 0B 	
0BF08B 7B E6 0B          	
0BF08E FF FF 0F          		dp	-1
0BF091                   	modify_end_tbl:
0BF091                   	;
0BF091                   	;---------------------------------------------------------------------------
0BF091                   	;	VERIFICATIONS A L'ASSEMBLAGE
0BF091                   	;
0BF091                   	;	Elles n'emettent aucun octet : elles ne font qu'interrompre
0BF091                   	;	l'assemblage si une hypothese du programme cesse d'etre vraie.
0BF091                   	;---------------------------------------------------------------------------
0BF091                   	;
0BF091                   	; La table contient attr, p0..p62 et le terminateur -1, soit 65 entrees de
0BF091                   	; 3 octets. Si ce total change sans que ce soit voulu, c'est qu'une entree a
0BF091                   	; ete ajoutee ou perdue par megarde.
0BF091                   		assert	modify_end_tbl-modify_table = 65*3,'table de relocation : nombre d entrees inattendu'
0BF091                   	;
0BF091                   	; Chaque point de relocation doit se trouver a l'interieur du pilote : un pN
0BF091                   	; hors bloc serait corrige a tort lors de la copie.
0BF091                   		assert	p0 >= block_top,'p0 hors du bloc pilote'
0BF091                   		assert	p62 < block_bottom,'p62 hors du bloc pilote'
0BF091                   		assert	attr >= block_top,'attr hors du bloc pilote'
0BF091                   	;
0BF091                   	; Le pilote est copie tel quel : sa taille doit rester non nulle et tenir dans
0BF091                   	; ce que l'installeur sait deplacer.
0BF091                   		assert	block_bottom > block_top,'taille du pilote nulle'
0BF091                   	;
0BF091                   		end

  No fatal error.  Code: 0BE000h - 0BF090h [     4241 byte(s)]
