000000                   	; ==========================================================================
000000                   	;  PLINK2.asm - Pocket Link Cache Device Driver, portage sur le modele REGISTER3
000000                   	;
000000                   	;  Base : plinkc.native.asm (D. Mizobata 1.62, d'apres PLINK de N. Kon), dont le
000000                   	;  CORPS et la ZONE DE TRAVAIL sont repris VERBATIM (byte-identiques).
000000                   	;
000000                   	;  Nouveautes par rapport a PLINKC (comme REGISTER3 vis-a-vis de REGISTER2) :
000000                   	;    - Installation par 'CALL &BF000', desinstallation par 'CALL &BF000 "-u"'.
000000                   	;    - Installateur AJOUT-EN-FIN : le pilote est place APRES les blocs existants,
000000                   	;      sans les decaler -> aucun recalage des pointeurs BASIC (linkbas), donc plus
000000                   	;      de reset volontaire (bomb) ni de risque de corruption de BASIC.
000000                   	;    - Noms definis UNE SEULE FOIS (macros drvbase/drvext/drvdev).
000000                   	;    - La TABLE DE RELOCATION d'origine de PLINKC (60 sites, format delta) est
000000                   	;      REUTILISEE verbatim ; un seul octet est ajuste car le nom de device 'PL2:'
000000                   	;      fait 2 octets de plus que 'L:' (le delta site0->site1 passe de 3Dh a 3Fh).
000000                   	;    - Le pilote ne detourne la SIO que transitoirement (il la restaure a chaque
000000                   	;      appel, jump00) : au repos il ne tient AUCUN vecteur -> la desinstallation
000000                   	;      se limite au deliage de la chaine des devices.
000000                   	; ==========================================================================
000000                   	
0BF000                   		org	$bf000
0BF000                   		pre_on				; INDISPENSABLE : adressage RAM interne absolu.
0BF000                   	
0BF000                   	; --- constantes (reprises de plinkc.native.asm) ----------------------------
0BF000                   	fcs:			equ	$fffe4
0BF000                   	iocs:			equ	$fffe8
0BF000                   	iocs_fook:		equ	$bfca2
0BF000                   	sio_rcv_vct:	equ	$bfcd5
0BF000                   	sio_param:		equ	$bfd33
0BF000                   	base:			equ	$ec
0BF000                   	bx:				equ	$d4
0BF000                   	cx:				equ	$d6
0BF000                   	cl:				equ	$d6
0BF000                   	ch:				equ	$d7
0BF000                   	dx:				equ	$d8
0BF000                   	key_strobe_2:	equ	$f1
0BF000                   	sio_ctrl_reg:	equ	$f7
0BF000                   	sio_stat_reg:	equ	$f8
0BF000                   	sio_rx_reg:		equ	$f9
0BF000                   	sio_tx_reg:		equ	$fa
0BF000                   	intr_mask_reg:	equ	$fb
0BF000                   	system_stat_reg:equ	$ff
0BF000                   	
0BF000                   	btext:	equ	$cb
0BF000                   	bdata:	equ	$ce
0BF000                   	bpmax:	equ	$ca
0BF000                   	iwork:	equ	$e6
0BF000                   	keyvec:	equ	$bfc41
0BF000                   	s1top:	equ	$bfc15
0BF000                   	s1end:	equ	$bfcde
0BF000                   	cdrv:	equ	$bfc7d
0BF000                   	rev:	equ	$bfca1
0BF000                   	iroot:	equ	$bfca2
0BF000                   	bworkp:	equ	$bfd0e
0BF000                   	
0BF000                   	sectsiz:	equ	128
0BF000                   	cache_sect:	equ	sectsiz+1
0BF000                   	cache_next:	equ	cache_sect+2
0BF000                   	cache_size:	equ	cache_next+3
0BF000                   	n_fcache:	equ	7		;	Nombre de secteurs dans le cache FAT
0BF000                   	n_dcache:	equ	1		;	Nombre de secteurs dans le cache de donnees
0BF000                   	dtop:		equ	44
0BF000                   	timeout:	equ	40000		; Delai d'attente (environ 1 seconde)
0BF000                   	blk_id:	equ	0fbh			; signature d'un bloc de fichier (ajout)
0BF000                   	
0BF000                   	; --- noms du pilote, definis UNE SEULE FOIS --------------------------------
0BF000                   	;  Nom de FICHIER (bloc) : 'name83' au format 8.3 de l'en-tete (8 car. completes
0BF000                   	;  d'espaces, sans point), 'namedot' au format des messages (base.ext).
0BF000                   	;  Nom de DEVICE (chaine IOCS) : en-tete + recherche de desinstallation.
0BF000                   	
0BF000                   	; ==========================================================================
0BF000                   	;  POINT D'ENTREE : install par 'CALL &BF000', desinstall par 'CALL &BF000 "-u"'
0BF000                   	; ==========================================================================
0BF000                   	start:
0BF000                   	;  Lire l'argument de CALL (entre GUILLEMETS, syntaxe BASIC). Le pointeur de
0BF000                   	;  ligne empile sur la pile U est RESTITUE avance a la sortie (protocole
0BF000                   	;  UUENCODE) pour que BASIC reprenne sans 'Syntax error'.
0BF000 3C                		popu	x
0BF001 30 CC 00 00       		mv	(0),0			; (0) = 0 : installer ; sinon : desinstaller
0BF005 90 24             	sc_arg:	mv	a,[x++]
0BF007 60 00             		cmp	a,0
0BF009 18 1B             		jrz	sc_done
0BF00B 60 0D             		cmp	a,0dh
0BF00D 18 17             		jrz	sc_done
0BF00F 60 2D             		cmp	a,'-'
0BF011 1B 0E             		jrnz	sc_arg
0BF013 90 04             		mv	a,[x]
0BF015 60 75             		cmp	a,'u'
0BF017 18 06             		jrz	sc_setu
0BF019 60 55             		cmp	a,'U'
0BF01B 18 02             		jrz	sc_setu
0BF01D 13 1A             		jr	sc_arg
0BF01F                   	sc_setu:
0BF01F 08 01             		mv	a,1
0BF021 30 A0 00          		mv	(0),a
0BF024 13 21             		jr	sc_arg
0BF026                   	sc_done:
0BF026 7C 04             		dec	x
0BF028 2C                		pushu	x
0BF029 30 80 00          		mv	a,(0)
0BF02C 60 00             		cmp	a,0
0BF02E 18 03             		jrz	install
0BF030 02 3C F1          		jp	uninstall
0BF033                   	
0BF033                   	; ==========================================================================
0BF033                   	;  INSTALLATEUR  (CALL &BF000) - modele AJOUT-EN-FIN
0BF033                   	; ==========================================================================
0BF033                   	install:
0BF033                   	;  (1) banniere
0BF033 0C 06 F2 0B       		mv	x,msg_title
0BF037 0D 22 00 00       		mv	y,btm_title-msg_title
0BF03B 30 CC D6 00       		mv	(cl),0
0BF03F 09 04             		mv	il,4
0BF041 05 E4 FF 0F       		callf	fcs
0BF045                   	
0BF045                   	;  (2) sauver l'ancienne tete de la chaine des devices dans notre 'lien suivant'
0BF045 8C A2 FC 0B       		mv	x,[iroot]
0BF049 AC 03 F3 0B       		mv	[ihead],x
0BF04D                   	
0BF04D                   	;  (3) numero de device : code en dur dans l'en-tete (devno). La recherche
0BF04D                   	;      dynamique via 'iocs il=1' (convention incertaine) est ecartee : elle
0BF04D                   	;      risquait une boucle infinie (figement). 10 est libre sur un systeme courant.
0BF04D                   	
0BF04D                   	;  (4) compacter S1: (regrouper l'espace libre en fin de zone)
0BF04D 30 CC D6 06       		mv	(cl),6
0BF051 30 CC D7 00       		mv	(ch),0
0BF055 0B 47 00          		mv	i,47h
0BF058 05 E8 FF 0F       		callf	iocs
0BF05C                   	
0BF05C                   	;  (5) parcourir les blocs : detecter un doublon, trouver la FIN (point d'ajout)
0BF05C 8C 15 FC 0B       		mv	x,[s1top]
0BF060 95 84 12          		mv	y,[x+12h]		; lead address -> premier bloc
0BF063 45 45             		add	x,y
0BF065 90 04             	walk:	mv	a,[x]
0BF067 60 FB             		cmp	a,blk_id
0BF069 1A 15             		jrnz	walk_end
0BF06B 0D E1 F2 0B       		mv	y,block_top		; comparer le nom (12 octets) au notre
0BF06F 09 0C             		mv	il,12
0BF071 2C                		pushu	x
0BF072 05 AC F1 0B       		callf	stricmp
0BF076 3C                		popu	x
0BF077 18 A5             		jrz	err_exist		; deja installe
0BF079 95 84 11          		mv	y,[x+11h]
0BF07C 45 45             		add	x,y
0BF07E 13 1B             		jr	walk
0BF080                   	walk_end:
0BF080 30 A4 0A          		mv	(10),x			; (10) = fin des blocs = destination
0BF083                   	
0BF083                   	;  (6) le CODE ne doit pas franchir la page de 64 Ko (appels internes 16 bits)
0BF083 0B E6 03          		mv	i,prgend-block_top
0BF086 30 82 0A          		mv	ba,(10)
0BF089 44 23             		add	ba,i
0BF08B 1C 9B             		jrc	err_mem			; debordement 16 bits -> refus
0BF08D                   	
0BF08D                   	;  (7) controle memoire : [s1end]-1 - fin_des_blocs >= taille du bloc (blen)
0BF08D 8D DE FC 0B       		mv	y,[s1end]
0BF091 7C 05             		dec	y
0BF093 4D 54             		sub	y,x
0BF095 30 A5 10          		mv	(16),y
0BF098 0D 22 09 00       		mv	y,blen
0BF09C 30 D7 05 10       		cmpp	(16),y
0BF0A0 1C 86             		jrc	err_mem
0BF0A2                   	
0BF0A2                   	;  (8) copier le CODE du pilote a la fin des blocs (la zone de travail suit,
0BF0A2                   	;      reservee mais non copiee)
0BF0A2 0B E6 03          		mv	i,prgend-block_top
0BF0A5 30 85 0A          		mv	y,(10)
0BF0A8 0C E1 F2 0B       		mv	x,block_top
0BF0AC                   	copy_lp:
0BF0AC 90 24             		mv	a,[x++]
0BF0AE B0 25             		mv	[y++],a
0BF0B0 7C 03             		dec	i
0BF0B2 1B 08             		jrnz	copy_lp
0BF0B4                   	
0BF0B4                   	;  (9) RELOCATION : appliquer au pilote COPIE la table de deltas d'origine de
0BF0B4                   	;      PLINKC. Chaque octet de la table avance un pointeur 'y' dans le pilote
0BF0B4                   	;      copie ; on corrige la valeur 3 octets pointee de (dest - block_top).
0BF0B4 B6 37             		mv	[--s],u			; sauver le pointeur de pile U
0BF0B6 0E C7 F1 0B       		mv	u,reloc_table		; u -> table de deltas
0BF0BA 30 84 0A          		mv	x,(10)			; dest
0BF0BD 0A 27 00          		mv	ba,rel_dev0-block_top	; offset du 1er site (0x27) depuis block_top
0BF0C0 45 42             		add	x,ba
0BF0C2 0A 06 02          		mv	ba,0206h		; 1er delta de la table (constante d'origine)
0BF0C5 4D 42             		sub	x,ba
0BF0C7 FD 54             		mv	y,x			; y = dest + (rel_dev0-block_top) - 0x206
0BF0C9 38                	rl:	popu	a			; a = octet de table (mv a,[u++])
0BF0CA 60 FF             		cmp	a,0ffh
0BF0CC 18 22             		jrz	rl_end
0BF0CE 70 7F             		and	a,7fh
0BF0D0 60 7E             		cmp	a,7eh
0BF0D2 1A 05             		jrnz	rl_short
0BF0D4 3A                		popu	ba			; delta long sur 2 octets
0BF0D5 45 52             		add	y,ba
0BF0D7 12 02             		jr	rl_corr
0BF0D9                   	rl_short:
0BF0D9 45 50             		add	y,a
0BF0DB                   	rl_corr:
0BF0DB 94 05             		mv	x,[y]			; valeur 3 octets a corriger
0BF0DD B5 37             		mv	[--s],y			; sauver le pointeur de table (u sert deja de lecteur)
0BF0DF 0D E1 F2 0B       		mv	y,block_top
0BF0E3 4D 45             		sub	x,y			; - base d'assemblage
0BF0E5 30 85 0A          		mv	y,(10)
0BF0E8 45 45             		add	x,y			; + base de destination
0BF0EA 95 27             		mv	y,[s++]			; restaurer le pointeur de table
0BF0EC B4 05             		mv	[y],x
0BF0EE 13 27             		jr	rl
0BF0F0                   	rl_end:
0BF0F0 96 27             		mv	u,[s++]			; restaurer le pointeur de pile U
0BF0F2                   	
0BF0F2                   	;  (10) chainer le nouveau device en tete de la liste IOCS
0BF0F2 30 84 0A          		mv	x,(10)
0BF0F5 0A 22 00          		mv	ba,iocs_header-block_top
0BF0F8 45 42             		add	x,ba
0BF0FA AC A2 FC 0B       		mv	[iroot],x		; racine -> notre en-tete IOCS (copie)
0BF0FE                   	
0BF0FE                   	;  (11) terminateur de la chaine des blocs, apres le bloc complet (dest+blen)
0BF0FE 30 84 0A          		mv	x,(10)
0BF101 0A 22 09          		mv	ba,blen
0BF104 45 42             		add	x,ba
0BF106 08 FF             		mv	a,0ffh
0BF108 B0 04             		mv	[x],a
0BF10A                   	
0BF10A                   	;  (12) l'init des parametres par 'iocs il=4' (comme PLINKC) FIGE la machine sur
0BF10A                   	;      l'emulateur (convention incertaine, 1er acces device). Ecartee : le device
0BF10A                   	;      est deja chaine (comme REGISTER3), le pilote s'initialise a la 1re commande.
0BF10A                   	
0BF10A                   	;  (13) succes
0BF10A 0C 28 F2 0B       		mv	x,msg_ins
0BF10E 0D 0C 00 00       		mv	y,btm_ins-msg_ins
0BF112 30 CC D6 00       		mv	(cl),0
0BF116 09 04             		mv	il,4
0BF118 05 E4 FF 0F       		callf	fcs
0BF11C 9F                		rc
0BF11D 07                		retf
0BF11E                   	
0BF11E                   	;  --- erreurs : message + rendre la main (carry), sans toucher a BASIC ---
0BF11E                   	err_exist:
0BF11E 0C 34 F2 0B       		mv	x,msg_exi
0BF122 0D 17 00 00       		mv	y,btm_exi-msg_exi
0BF126 12 08             		jr	exit_err
0BF128                   	err_mem:
0BF128 0C 4B F2 0B       		mv	x,msg_mem
0BF12C 0D 1B 00 00       		mv	y,btm_mem-msg_mem
0BF130                   	exit_err:
0BF130 30 CC D6 00       		mv	(cl),0
0BF134 09 04             		mv	il,4
0BF136 05 E4 FF 0F       		callf	fcs
0BF13A 97                		sc
0BF13B 07                		retf
0BF13C                   	
0BF13C                   	; ==========================================================================
0BF13C                   	;  DESINSTALLATEUR  (CALL &BF000 "-u")
0BF13C                   	; ==========================================================================
0BF13C                   	;  Le pilote ne tient aucun vecteur au repos -> deliage seul. Le bloc reste en
0BF13C                   	;  memoire (protege) ; l'utilisateur le libere par SET puis KILL (la ROM met a
0BF13C                   	;  jour le repertoire et recompacte).
0BF13C                   	uninstall:
0BF13C 0C 66 F2 0B       		mv	x,msg_unin
0BF140 0D 13 00 00       		mv	y,btm_unin-msg_unin
0BF144 30 CC D6 00       		mv	(cl),0
0BF148 09 04             		mv	il,4
0BF14A 05 E4 FF 0F       		callf	fcs
0BF14E 0D A2 FC 0B       		mv	y,iroot			; y = emplacement du pointeur vers l'en-tete courant
0BF152                   	un_find:
0BF152 94 05             		mv	x,[y]
0BF154 6C 04             		inc	x
0BF156 18 40             		jrz	un_notfound		; -1 : fin de chaine
0BF158 7C 04             		dec	x
0BF15A 30 A4 0A          		mv	(10),x			; en-tete courant
0BF15D 30 A5 0D          		mv	(13),y			; predecesseur
0BF160 09 08             		mv	il,8
0BF162 45 41             		add	x,il			; x = en-tete + 8 = nom de device
0BF164 0D DD F2 0B       		mv	y,drv_str
0BF168 09 04             		mv	il,4
0BF16A 05 AC F1 0B       		callf	stricmp
0BF16E 30 84 0A          		mv	x,(10)
0BF171 30 85 0D          		mv	y,(13)
0BF174 18 04             		jrz	un_found
0BF176 FD 54             		mv	y,x
0BF178 13 28             		jr	un_find
0BF17A                   	un_found:
0BF17A                   	;  delier : [predecesseur] = notre lien suivant
0BF17A 30 84 0A          		mv	x,(10)
0BF17D 94 04             		mv	x,[x]
0BF17F 30 85 0D          		mv	y,(13)
0BF182 B4 05             		mv	[y],x
0BF184 0C 79 F2 0B       		mv	x,msg_uok
0BF188 0D 4F 00 00       		mv	y,btm_uok-msg_uok
0BF18C 30 CC D6 00       		mv	(cl),0
0BF190 09 04             		mv	il,4
0BF192 05 E4 FF 0F       		callf	fcs
0BF196 9F                		rc
0BF197 07                		retf
0BF198                   	un_notfound:
0BF198 0C C8 F2 0B       		mv	x,msg_unf
0BF19C 0D 15 00 00       		mv	y,btm_unf-msg_unf
0BF1A0 30 CC D6 00       		mv	(cl),0
0BF1A4 09 04             		mv	il,4
0BF1A6 05 E4 FF 0F       		callf	fcs
0BF1AA 97                		sc
0BF1AB 07                		retf
0BF1AC                   	
0BF1AC                   	; --- helper : comparaison de chaine sur IL octets --------------------------
0BF1AC                   	stricmp:
0BF1AC 30 E0 24 00       		mv	(0),[x++]
0BF1B0 90 25             		mv	a,[y++]
0BF1B2 30 61 00 00       		cmp	(0),0
0BF1B6 18 0A             		jrz	stricmp1
0BF1B8 30 63 00          		cmp	(0),a
0BF1BB 1A 09             		jrnz	stricmp2
0BF1BD 7C 01             		dec	il
0BF1BF 1B 15             		jrnz	stricmp
0BF1C1 07                		retf
0BF1C2                   	stricmp1:
0BF1C2 30 63 00          		cmp	(0),a
0BF1C5 07                		retf
0BF1C6                   	stricmp2:
0BF1C6 07                		retf
0BF1C7                   	
0BF1C7                   	; --- table de relocation (deltas d'origine de PLINKC ; octet 3 : 3Dh->3Fh) -
0BF1C7                   	reloc_table:
0BF1C7 FE 06 02 BF 1E B9 		db	0FEh,006h,002h,0BFh,01Eh,0B9h,08Ah,085h,087h,004h,005h,004h,009h,005h,086h,00Eh
0BF1CD 8A 85 87 04 05 04 	
0BF1D3 09 05 86 0E       	
0BF1D7 07 03 0B 89 B2 0A 		db	007h,003h,00Bh,089h,0B2h,00Ah,08Bh,086h,084h,006h,08Bh,08Bh,09Eh,089h,00Eh,0A2h
0BF1DD 8B 86 84 06 8B 8B 	
0BF1E3 9E 89 0E A2       	
0BF1E7 89 0E 1D 16 05 05 		db	089h,00Eh,01Dh,016h,005h,005h,008h,009h,003h,015h,00Ch,005h,005h,004h,009h,0E5h
0BF1ED 08 09 03 15 0C 05 	
0BF1F3 05 04 09 E5       	
0BF1F7 98 8D 86 84 04 85 		db	098h,08Dh,086h,084h,004h,085h,084h,004h,09Fh,096h,084h,007h,0B7h,08Ch,0FFh
0BF1FD 84 04 9F 96 84 07 	
0BF203 B7 8C FF          	
0BF206                   	
0BF206                   	; --- messages --------------------------------------------------------------
0BF206 50 4C 49 4E 4B 32 	msg_title:	db	'PLINK2 (PLINKC 1.62, D.Mizobata)',13,10
0BF20C 20 28 50 4C 49 4E 	
0BF212 4B 43 20 31 2E 36 	
0BF218 32 2C 20 44 2E 4D 	
0BF21E 69 7A 6F 62 61 74 	
0BF224 61 29 0D 0A       	
0BF228                   	btm_title:
0BF228 49 6E 73 74 61 6C 	msg_ins:	db	'Installed.',13,10
0BF22E 6C 65 64 2E 0D 0A 	
0BF234                   	btm_ins:
0BF234 45 72 72 6F 72 3A 	msg_exi:	db	'Error: already exist.',13,10
0BF23A 20 61 6C 72 65 61 	
0BF240 64 79 20 65 78 69 	
0BF246 73 74 2E 0D 0A    	
0BF24B                   	btm_exi:
0BF24B 45 72 72 6F 72 3A 	msg_mem:	db	'Error: not enough memory.',13,10
0BF251 20 6E 6F 74 20 65 	
0BF257 6E 6F 75 67 68 20 	
0BF25D 6D 65 6D 6F 72 79 	
0BF263 2E 0D 0A          	
0BF266                   	btm_mem:
0BF266 55 6E 69 6E 73 74 	msg_unin:	db	'Uninstalling '
0BF26C 61 6C 6C 69 6E 67 	
0BF272 20                	
0BF273 50 4C 32 3A       		db	'PL2:'			; <= nom de device (termine par ':')
0BF277 0D 0A             		db	13,10
0BF279                   	btm_unin:
0BF279 55 6E 69 6E 73 74 	msg_uok:	db	'Uninstalled. To free memory :',13,10
0BF27F 61 6C 6C 65 64 2E 	
0BF285 20 54 6F 20 66 72 	
0BF28B 65 65 20 6D 65 6D 	
0BF291 6F 72 79 20 3A 0D 	
0BF297 0A                	
0BF298 53 45 54 20 20 22 		db	'SET  "S1:'
0BF29E 53 31 3A          	
0BF2A1 50 4C 49 4E 4B 32 		db	'PLINK2'		; <= nom de fichier (<= 8 caracteres)
0BF2A7 2E                		db	'.'
0BF2A8 53 59 53          		db	'SYS'			; <= extension
0BF2AB 22 2C 22 20 22 0D 		db	'"," "',13,10
0BF2B1 0A                	
0BF2B2 4B 49 4C 4C 20 22 		db	'KILL "S1:'
0BF2B8 53 31 3A          	
0BF2BB 50 4C 49 4E 4B 32 		db	'PLINK2'		; <= nom de fichier (<= 8 caracteres)
0BF2C1 2E                		db	'.'
0BF2C2 53 59 53          		db	'SYS'			; <= extension
0BF2C5 22 0D 0A          		db	'"',13,10
0BF2C8                   	btm_uok:
0BF2C8                   	msg_unf:
0BF2C8 50 4C 32 3A       		db	'PL2:'			; <= nom de device (termine par ':')
0BF2CC 20 6E 6F 74 20 69 		db	' not installed.',13,10
0BF2D2 6E 73 74 61 6C 6C 	
0BF2D8 65 64 2E 0D 0A    	
0BF2DD                   	btm_unf:
0BF2DD                   	drv_str:
0BF2DD 50 4C 32 3A       		db	'PL2:'			; <= nom de device (termine par ':')
0BF2E1                   	
0BF2E1                   	
0BF2E1                   		pre_off				; le CORPS a ses propres prebytes explicites (pre $30...)
0BF2E1                   	; ==========================================================================
0BF2E1                   	;  LE PILOTE RESIDENT  (copie en RAM par l'installateur)
0BF2E1                   	; ==========================================================================
0BF2E1                   	;----------------------------------------------------------------------
0BF2E1                   	;		En-tete du fichier d'en-tete de l'appareil
0BF2E1                   	;----------------------------------------------------------------------
0BF2E1                   	block_top:
0BF2E1 FB                		db	blk_id			; signature de bloc de fichier
0BF2E2                   	_n83:
0BF2E2 50 4C 49 4E 4B 32 		db	'PLINK2'		; <= nom de fichier (<= 8 caracteres)
0BF2E8 20 20             		ds	8-(*-_n83),' '
0BF2EA 53 59 53          		db	'SYS'			; <= extension
0BF2ED 25                			db	$25						;Attributs de bloc de memoire
0BF2EE 00 00 00 00       			dw	0,0						;Date et heure
0BF2F2 22 09 00          			dp	blen					;Nombre d'octets dans le bloc memoire
0BF2F5 00 00             			dw	0
0BF2F7 22 09 00          			dp	blen					;Nombre d'octets de l'entite de fichier
0BF2FA 22 09 00          			dp	blen					;Nombre d'octets dans le bloc memoire
0BF2FD 00 00 00 00 00 00 			dp	0,0
0BF303                   	;----------------------------------------------------------------------
0BF303                   	;		En-tete du pilote de peripherique
0BF303                   	;----------------------------------------------------------------------
0BF303                   	iocs_header:
0BF303 00 00 00          	ihead:		dp	0			;Adresse du prochain en-tete de pilote de peripherique
0BF306 0A                	devno:		db	10			;Numero d'appareil (code en dur ; 10 libre en general)
0BF307 83                			db	$83				;Attribut de peripherique (identique a E :)
0BF308 3A F3 0B          	rel_dev0:	dp	devmain		;Adresse du corps du pilote (site 0 de la relocation)
0BF30B                   	dvname:
0BF30B 50 4C 32 3A       		db	'PL2:'			; <= nom de device (termine par ':')
0BF30F 00                			db	0
0BF310                   	
0BF310                   	;----------------------------------------------------------------------
0BF310                   	;		Media parameter block
0BF310                   	;----------------------------------------------------------------------
0BF310                   	;Version de 128 Ko
0BF310 F0                	mpb128:		db	$f0			;Descripteur de media (peut etre approprie)
0BF311 80 00             			dw	sectsiz			;Nombre d'octets par secteur
0BF313 03                			db	4-1				;(Nombre d'octets par secteur / 32) -1
0BF314 02                			db	2				;log 2 (nombre d'octets par secteur / 32)
0BF315 00                			db	0				;???
0BF316 01                			db	1				;???
0BF317 00 00             			dw	0				;Premier numero de secteur de zone FAT
0BF319 08                			db	8				;???
0BF31A 80 00             			dw	128				;Nombre maximum de fichiers stockables
0BF31C 2C 00             			dw	dtop			;Numero du secteur de depart de la zone de donnees
0BF31E D5 03             			dw	980+1			;Nombre total de secteurs dans la zone de donnees + 1
0BF320 0C                			db	12				;Nombre total de secteurs dans la zone FAT
0BF321 0C 00             			dw	12				;Premier numero de secteur de la zone DIR
0BF323                   	;Donnees referencees dans DS
0BF323 0C 00             			dw	12				;Premier numero de secteur de la zone DIR
0BF325                   	;Version de 512 Ko
0BF325 F0                	mpb512:		db	$f0
0BF326 80 00             			dw	sectsiz
0BF328 03                			db	4-1
0BF329 02                			db	2
0BF32A 00                			db	0
0BF32B 01                			db	1
0BF32C 00 00             			dw	0
0BF32E 08                			db	8
0BF32F 80 00             			dw	128
0BF331 50 00             			dw	80			;Numero du secteur de depart de la zone de donnees
0BF333 B1 0F             			dw	4016+1		;Nombre total de secteurs dans la zone de donnees + 1
0BF335 30                			db	48			;Nombre total de secteurs dans la zone FAT
0BF336 30 00             			dw	48			;Premier numero de secteur de la zone DIR
0BF338                   	;
0BF338 30 00             			dw	48
0BF33A                   	;----------------------------------------------------------------------
0BF33A                   	;		Corps
0BF33A                   	;----------------------------------------------------------------------
0BF33A                   	suborg		0
0BF33A                   	byte		i_work1,i_work2
0BF33A                   	word		sect_num,sect_num2
0BF33A                   	byte		flag,rxdata,i_work3,subko
0BF33A                   	pntr		cachep,vct_rsv,before
0BF33A 2F                	devmain:	pushu	imr				;Arretez l'interruption et reecrivez le vecteur de reception SIO
0BF33B 2C                			pushu	x
0BF33C 30                			pre	$30
0BF33D 49 EC 13          			sub	(base),%
0BF340 8C D5 FC 0B       			mv	x,[sio_rcv_vct]
0BF344 A4 0D             			mv	(vct_rsv),x	
0BF346 0C D3 F5 0B       			mv	x,rcv;rel
0BF34A AC D5 FC 0B       			mv	[sio_rcv_vct],x
0BF34E 3C                			popu	x
0BF34F 3F                			popu	imr
0BF350 D0 08 33 FD 0B    			mv	(i_work3),[sio_param]   ;Charger les parametres
0BF355 71 08 FD          			and	(i_work3),$fd	   		;Ce force a 8 bits
0BF358 22                			pre	$22
0BF359 C0 08 F7          			ex	(i_work3),(sio_ctrl_reg);Parametrage de la SIO & conservation du contenu precedent
0BF35C 22                			pre	$22
0BF35D C8 09 F1          			mv	(subko),(key_strobe_2)	;Enregistrer KOH
0BF360 30                			pre	$30
0BF361 79 F1 60          			or	(key_strobe_2),$60		;Activer DTR, RR
0BF364                   	;
0BF364 04 06 F4          			call	main
0BF367                   	;
0BF367                   	_blk00001_t:
0BF367 30                				pre	$30
0BF368 65 F8 10          				test	(sio_stat_reg),$10
0BF36B 19 06             				jrz	_blk00001_t				;Attendre la fin de la transmission
0BF36D                   	_blk00001_e:
0BF36D 30                			pre	$30
0BF36E C8 F7 08          			mv	(sio_ctrl_reg),(i_work3)	;Restaurer le parametre SIO
0BF371 30                			pre	$30
0BF372 C8 F1 09          			mv	(key_strobe_2),(subko)		;Restaurer KOH
0BF375 65 06 02          			test	(flag),2
0BF378 18 0E             			jrz	jump00						;[BRK] a ete presse?
0BF37A 08 02             			mv	a,$02
0BF37C 1C 0A             			jrc	jump00
0BF37E 66 BE FC 0B 80    	brkloop:	test	[$bfcbe],$80		;Attendez que la pause soit liberee
0BF383 1B 07             			jrnz	brkloop
0BF385 08 FF             			mv	a,$ff						;Traitement en cas de pression
0BF387 97                			sc
0BF388 2F                	jump00:		pushu	imr					;Restaurer le vecteur de reception SIO
0BF389 2C                			pushu	x
0BF38A 84 0D             			mv	x,(vct_rsv)
0BF38C AC D5 FC 0B       			mv	[sio_rcv_vct],x
0BF390 30                			pre	$30
0BF391 47 EC 13          			pmdf	(base),%
0BF394 3C                			popu	x
0BF395 3F                			popu	imr
0BF396 07                			retf
0BF397                   	;----------------------------------------------------------------------
0BF397                   	;		Diverses commandes
0BF397                   	;----------------------------------------------------------------------
0BF397 90 04             	init:		mv	a,[x]
0BF399 60 31             			cmp	a,'1'
0BF39B 1A 06             			jrnz	cmd3f_5
0BF39D 0C 10 F3 0B       			mv	x,mpb128;rel
0BF3A1 12 08             			jr	cmd3f_15
0BF3A3 60 35             	cmd3f_5:	cmp	a,'5'
0BF3A5 1A 1E             			jrnz	cmd3f_d
0BF3A7 0C 25 F3 0B       			mv	x,mpb512;rel
0BF3AB 28                	cmd3f_15:	pushu	a
0BF3AC AC 01 F4 0B       			mv	[getmpb+1],x;rel
0BF3B0 92 84 0C          			mv	ba,[x+$c]
0BF3B3 AA 85 F6 0B       			mv	[secpatch+1],ba;rel
0BF3B7 04 28 F6          			call	check_sect
0BF3BA 08 53             			mv	a,'S'
0BF3BC 04 8D F5          			call	send_one
0BF3BF 38                			popu	a
0BF3C0 04 8D F5          			call	send_one
0BF3C3 12 24             			jr	cmd3f_2
0BF3C5 60 44             	cmd3f_d:	cmp	a,'D'
0BF3C7 1A 11             			jrnz	cmd3f_i
0BF3C9 04 28 F6          			call	check_sect				;"D" commande
0BF3CC 08 44             			mv	a,'D'
0BF3CE 04 8D F5          			call	send_one				;Envoyer la commande "D"
0BF3D1 0B 12 0F          			mv	i,$12+(receive_one_s-receive_one-2)*$100
0BF3D4 AB 9E F5 0B       			mv	[receive_one],i		;jr receive_one_s rel
0BF3D8 12 0F             			jr	cmd3f_2
0BF3DA 60 49             	cmd3f_i:	cmp	a,'I'
0BF3DC 1A 0B             			jrnz	cmd3f_2
0BF3DE 09 82             			mv	il,130					;"Je" commande
0BF3E0 08 00             			mv	a,0						;Envoyer 130 pieces de 00h
0BF3E2 04 8D F5          	cmd3f_i1:	call	send_one
0BF3E5 7C 01             			dec	il
0BF3E7 1B 07             			jrnz	cmd3f_i1
0BF3E9 04 DC F5          	cmd3f_2:	call	buffer_clr			;Nettoyer le tampon
0BF3EC                   			;bsr	root
0BF3EC                   			;ret
0BF3EC                   	
0BF3EC 04 F7 F3          	root:		call	getroot	
0BF3EF B3 84 0A          			mv	[x+$a],i
0BF3F2 B2 84 11          			mv	[x+$11],ba
0BF3F5 9F                			rc
0BF3F6 06                			ret
0BF3F7                   	
0BF3F7 04 00 F4          	getroot:	call	getmpb
0BF3FA 92 84 13          			mv	ba,[x+$13]
0BF3FD 09 80             			mv	il,128
0BF3FF 06                			ret
0BF400                   	
0BF400 0C 10 F3 0B       	getmpb:		mv	x,mpb128;rel
0BF404 9F                			rc
0BF405 06                			ret
0BF406                   	;----------------------------------------------------------------------
0BF406                   	;		Corps de chaque processus
0BF406                   	;----------------------------------------------------------------------
0BF406 CC 06 00          	main:		mv	(flag),0		;Effacer le drapeau
0BF409 FD 01             			mv	a,il				;Analyse de commande
0BF40B 60 10             			cmp	a,$10
0BF40D 1A 02             			jrnz	cmd11
0BF40F 9F                			rc						;Traitement de commande 10h
0BF410 06                			ret
0BF411 60 11             	cmd11:		cmp	a,$11
0BF413 19 15             			jrz	getmpb				;Traitement de la commande 11h
0BF415 60 12             			cmp	a,$12
0BF417 18 6A             			jrz	read_sect			;Traitement de commande 12h
0BF419 60 13             			cmp	a,$13
0BF41B 18 A1             			jrz	write_sect			;Traitement de la commande 13h
0BF41D 60 14             			cmp	a,$14
0BF41F 18 9D             			jrz	write_sect			;Traitement de la commande 14h
0BF421 60 15             			cmp	a,$15
0BF423 18 5E             			jrz	read_sect			;Traitement de commande 15h
0BF425 60 16             			cmp	a,$16
0BF427 1A 05             			jrnz	cmd17
0BF429 0A 00 00          			mv	ba,0				;Traitement de commande 16h
0BF42C 9F                			rc
0BF42D 06                			ret
0BF42E 60 17             	cmd17:		cmp	a,$17
0BF430 1A 41             			jrnz	cmd18
0BF432 8A 01 FC 0B       			mv	ba,[sect_number]	;Traitement de commande 17h rel
0BF436 30                			pre	$30
0BF437 D6 02 D4          			cmpw	(bx),ba
0BF43A 18 2C             			jrz	same_sect				;c'etait le meme secteur que le tampon
0BF43C 04 28 F6          			call	check_sect
0BF43F 65 06 02          			test	(flag),2
0BF442 1A 2E             			jrnz	cmd17_err
0BF444 30                			pre	$30
0BF445 82 D4             			mv	ba,(bx)
0BF447 AA 01 FC 0B       			mv	[sect_number],ba;rel
0BF44B A2 02             			mv	(sect_num),ba
0BF44D 0C C7 F6 0B       			mv	x,sect_1;rel
0BF451 0D 49 F7 0B       			mv	y,sect_2		;Faire une copie rel
0BF455 09 41             			mv	il,sectsiz/2+1
0BF457 04 3B F5          			call	rcv_sect			;Lire secteur specifie
0BF45A 65 06 02          			test	(flag),2
0BF45D 18 09             			jrz	same_sect
0BF45F 0A FF FF          			mv	ba,-1
0BF462 AA 01 FC 0B       			mv	[sect_number],ba;rel
0BF466 12 0A             			jr	cmd17_err
0BF468 30                	same_sect:	pre	$30
0BF469 CD D6 80 00       			mvw	(cx),sectsiz
0BF46D 0C C7 F6 0B       			mv	x,sect_1;rel
0BF471 9F                			rc
0BF472 06                	cmd17_err:	ret
0BF473 60 18             	cmd18:		cmp	a,$18
0BF475 19 80             			jrz	getroot				;Traitement de la commande $ 18 (pour DS)	
0BF477 60 3F             	cmd3f:		cmp	a,$3f
0BF479 19 E4             			jrz	init				;Traitement de la commande 3Fh
0BF47B 60 40             	cmd40:		cmp	a,$40
0BF47D 19 93             			jrz	root				;Traitement de commande 40h
0BF47F 08 03             	cmd_err:	mv	a,3				;Commande invalide
0BF481 97                			sc
0BF482 06                			ret
0BF483                   	;----------------------------------------------------------------------
0BF483                   	;		Lecture continue de secteurs
0BF483                   	;----------------------------------------------------------------------
0BF483 22                	read_sect:	pre	$22
0BF484 C9 02 D4          			mvw	(sect_num),(bx)
0BF487 FD 54             			mv	y,x
0BF489 09 40             			mv	il,sectsiz/2
0BF48B 8A 01 FC 0B       			mv	ba,[sect_number];rel
0BF48F D6 02 02          			cmpw	(sect_num),ba    ;Secteurs tampons et
0BF492 1A 0E             			jrnz	read_sect1	     ;Avez-vous frappe?
0BF494 0D C7 F6 0B       			mv	y,sect_1;rel
0BF498 92 25             	read_sect2:	mv	ba,[y++]
0BF49A B2 24             			mv	[x++],ba
0BF49C 7C 01             			dec	il
0BF49E 1B 08             			jrnz	read_sect2
0BF4A0 12 08             			jr	read_sect3
0BF4A2 04 3B F5          	read_sect1:	call	rcv_sect
0BF4A5 65 06 02          			test	(flag),2
0BF4A8 1A 13             			jrnz	read_err
0BF4AA 30                	read_sect3:	pre	$30
0BF4AB 82 D4             			mv	ba,(bx)
0BF4AD 6C 02             			inc	ba
0BF4AF 30                			pre	$30
0BF4B0 A2 D4             			mv	(bx),ba
0BF4B2 30                			pre	$30
0BF4B3 82 D8             			mv	ba,(dx)
0BF4B5 7C 02             			dec	ba
0BF4B7 30                			pre	$30
0BF4B8 A2 D8             			mv	(dx),ba
0BF4BA 1B 39             			jrnz	read_sect
0BF4BC 9F                			rc
0BF4BD 06                	read_err:	ret
0BF4BE                   	;----------------------------------------------------------------------
0BF4BE                   	;		Ecriture continue de secteurs
0BF4BE                   	;----------------------------------------------------------------------
0BF4BE 22                	write_sect:	pre	$22
0BF4BF C9 02 D4          			mvw	(sect_num),(bx)
0BF4C2 09 80             			mv	il,sectsiz
0BF4C4 8A 01 FC 0B       			mv	ba,[sect_number];rel
0BF4C8 D6 02 02          			cmpw	(sect_num),ba    ;Secteurs tampons et
0BF4CB 1A 0E             			jrnz	write_sect1	     ;Avez-vous frappe?
0BF4CD 0D C7 F6 0B       			mv	y,sect_1;rel
0BF4D1 90 24             	write_sect2:	mv	a,[x++]
0BF4D3 B0 25             			mv	[y++],a
0BF4D5 7C 01             			dec	il
0BF4D7 1B 08             			jrnz	write_sect2
0BF4D9 12 08             			jr	write_sect3
0BF4DB 04 F7 F4          	write_sect1:	call	send_sect
0BF4DE 65 06 02          			test	(flag),2
0BF4E1 1A 13             			jrnz	write_err
0BF4E3 30                	write_sect3:	pre	$30
0BF4E4 82 D4             			mv	ba,(bx)
0BF4E6 6C 02             			inc	ba
0BF4E8 30                			pre	$30
0BF4E9 A2 D4             			mv	(bx),ba
0BF4EB 30                			pre	$30
0BF4EC 82 D8             			mv	ba,(dx)
0BF4EE 7C 02             			dec	ba
0BF4F0 30                			pre	$30
0BF4F1 A2 D8             			mv	(dx),ba
0BF4F3 1B 37             			jrnz	write_sect
0BF4F5 9F                			rc
0BF4F6 06                	write_err:	ret
0BF4F7                   	;----------------------------------------------------------------------
0BF4F7                   	;		Transmission a un secteur
0BF4F7                   	;----------------------------------------------------------------------
0BF4F7 29                	send_sect:	pushu	il
0BF4F8 04 7E F6          			call	send_cache	;Traitement CACHE
0BF4FB 39                			popu	il
0BF4FC 2F                			pushu	imr
0BF4FD 30                			pre	$30
0BF4FE CC FB A0          			mv	(intr_mask_reg),$a0
0BF501 85 0A             			mv	y,(cachep)
0BF503 2D                			pushu	y
0BF504 90 24             	send_sect_2:	mv	a,[x++]
0BF506 B0 25             			mv	[y++],a		;Ecrivez a CACHE
0BF508 7C 01             			dec	il
0BF50A 1B 08             			jrnz	send_sect_2
0BF50C 08 57             			mv	a,'W'
0BF50E 04 8D F5          			call	send_one			;Envoyer la commande a ecrire
0BF511 80 02             			mv	a,(sect_num)
0BF513 04 8D F5          			call	send_one			;Transmission inferieure a 1 octet du numero de secteur
0BF516 80 03             			mv	a,(sect_num+1)
0BF518 04 8D F5          			call	send_one			;Envoi du 1 octet superieur du numero de secteur
0BF51B 3D                			popu	y
0BF51C 09 81             			mv	il,sectsiz+1
0BF51E 90 25             	send_sect_3:	mv	a,[y++]
0BF520 04 8D F5          			call	send_one			;Envoi de 129 octets de donnees CACHE
0BF523 7C 01             			dec	il
0BF525 1B 09             			jrnz	send_sect_3
0BF527 08 FF             			mv	a,$ff
0BF529 04 8D F5          			call	send_one			;Envoyer une marque de terminaison normale
0BF52C 04 9E F5          			call	receive_one
0BF52F 65 06 02          			test	(flag),2
0BF532 18 05             			jrz	send_ok
0BF534 0A FF FF          			mv	ba,-1
0BF537 B2 05             			mv	[y],ba				;Invalider le cache mis en cache
0BF539 3F                	send_ok:	popu	imr
0BF53A 06                			ret
0BF53B                   	;----------------------------------------------------------------------
0BF53B                   	;		Reception 1 secteur
0BF53B                   	;----------------------------------------------------------------------
0BF53B 2F                	rcv_sect:	pushu	imr
0BF53C 29                			pushu	il
0BF53D 30                			pre	$30
0BF53E CC FB A0          			mv	(intr_mask_reg),$a0
0BF541 04 7E F6          			call	send_cache			;Traitement CACHE
0BF544 39                			popu	il
0BF545 1E 28             			jrnc	read_cache		;Sautez quand vous pouvez lire de CACHE
0BF547 29                			pushu	il
0BF548 2C                			pushu	x
0BF549 84 0A             			mv	x,(cachep)			;Charger dans CACHE
0BF54B 08 52             			mv	a,'R'
0BF54D 04 8D F5          			call	send_one			;Envoyer une commande de lecture
0BF550 80 02             			mv	a,(sect_num)
0BF552 04 8D F5          			call	send_one			;Transmission inferieure a 1 octet du numero de secteur
0BF555 80 03             			mv	a,(sect_num+1)
0BF557 04 8D F5          			call	send_one			;Envoi du 1 octet superieur du numero de secteur
0BF55A 9F                			rc
0BF55B 04 9E F5          			call	receive_one			;(Taille du secteur + 1) reception octet
0BF55E 1C 0D             			jrc	rcv_sect_2
0BF560 B0 24             			mv	[x++],a
0BF562 09 80             			mv	il,sectsiz
0BF564 04 9E F5          	rcv_sect_1:	call	receive_one
0BF567 B0 24             			mv	[x++],a
0BF569 7C 01             			dec	il
0BF56B 1B 09             			jrnz	rcv_sect_1
0BF56D 3C                	rcv_sect_2:	popu	x
0BF56E 39                			popu	il
0BF56F B6 37             	read_cache:	mv	[--s],u			;Lire de CACHE
0BF571 86 0A             			mv	u,(cachep)
0BF573 65 06 02          			test	(flag),2
0BF576 18 08             			jrz	read_cache_1
0BF578 0A FF FF          			mv	ba,-1
0BF57B B2 86 81          			mv	[u+cache_sect],ba;Invalider le cache entrant
0BF57E 12 09             			jr	rcv_err
0BF580 3A                	read_cache_1:	popu	ba		;mv	ba,[u++]
0BF581 B2 24             			mv	[x++],ba
0BF583 B2 25             			mv	[y++],ba
0BF585 7C 01             			dec	il
0BF587 1B 09             			jrnz	read_cache_1
0BF589 96 27             	rcv_err:	mv	u,[s++]
0BF58B 3F                			popu	imr
0BF58C 06                			ret
0BF58D                   	;----------------------------------------------------------------------
0BF58D                   	;		Transmission sur 1 octet
0BF58D                   	;----------------------------------------------------------------------
0BF58D 30                	send_one:	pre	$30
0BF58E 65 F8 08          			test	(sio_stat_reg),$8
0BF591 19 06             			jrz	send_one			;Attendez qu'il soit pret pour Tx
0BF593 65 06 02          			test	(flag),2
0BF596 18 02             			jrz	send_one_2			;En mode d'arret de la transmission, 00h est transmis
0BF598 08 00             			mv	a,0
0BF59A 30                	send_one_2:	pre	$30
0BF59B A0 FA             			mv	(sio_tx_reg),a		;Envoyer
0BF59D 06                			ret
0BF59E                   	;----------------------------------------------------------------------
0BF59E                   	;		Recevez 1 octet
0BF59E                   	;----------------------------------------------------------------------
0BF59E 12 0F             	receive_one:	jr	receive_one_s
0BF5A0 FF 08             			db	system_stat_reg,8
0BF5A2                   	;		test	(system_stat_reg),8
0BF5A2 1A 1E             			jrnz	receive_one_err	;[BRK] a ete presse
0BF5A4 65 06 01          			test	(flag),1
0BF5A7 19 0B             			jrz	receive_one			;Attendez qu'un octet soit recu
0BF5A9 80 07             			mv	a,(rxdata)
0BF5AB 71 06 FE          			and	(flag),$fe			;Reinitialiser le drapeau
0BF5AE 06                			ret
0BF5AF 0A 40 9C          	receive_one_s:	mv	ba,timeout
0BF5B2 30                	receive_one_lp:	pre	$30			;1
0BF5B3 65 FF 08          			test	(system_stat_reg),8	;4
0BF5B6 1A 0A             			jrnz	receive_one_err		;2
0BF5B8 65 06 01          			test	(flag),1		;4
0BF5BB 1A 09             			jrnz	receive_one_ok		;2
0BF5BD 7C 02             			dec	ba			;3
0BF5BF 1B 0F             			jrnz	receive_one_lp		;3
0BF5C1 97                			sc
0BF5C2 79 06 02          	receive_one_err:or	(flag),2	;Definir le mode d'arret de la transmission
0BF5C5 06                			ret
0BF5C6 0A 30 65          	receive_one_ok:	mv	ba,$6530	;pre $30 test (m),n
0BF5C9 AA 9E F5 0B       			mv	[receive_one],ba;rel
0BF5CD 80 07             			mv	a,(rxdata)
0BF5CF 71 06 FE          			and	(flag),$fe			;Reinitialiser le drapeau
0BF5D2 06                			ret
0BF5D3                   	;----------------------------------------------------------------------
0BF5D3                   	;		Recevez une routine de traitement des interruptions
0BF5D3                   	;----------------------------------------------------------------------
0BF5D3 30                	rcv:		pre	$30
0BF5D4 80 F9             			mv	a,(sio_rx_reg)
0BF5D6 A0 07             			mv	(rxdata),a
0BF5D8 79 06 01          			or	(flag),1			;Definir le drapeau de reception complete
0BF5DB 07                			retf
0BF5DC                   	;----------------------------------------------------------------------
0BF5DC                   	;		Tampon clair
0BF5DC                   	;----------------------------------------------------------------------
0BF5DC 09 82             	buffer_clr:	mv	il,sectsiz+2
0BF5DE 0A 00 00          			mv	ba,0
0BF5E1 0C C7 F6 0B       			mv	x,sect_1;rel
0BF5E5 B2 24             	buffer_clr_1:	mv	[x++],ba	;Remplir le tampon avec 00h
0BF5E7 7C 03             			dec	i
0BF5E9 1B 06             			jrnz	buffer_clr_1
0BF5EB 0A FF FF          			mv	ba,-1
0BF5EE AA 01 FC 0B       			mv	[sect_number],ba	;Initialisation du numero de secteur rel
0BF5F2 09 07             			mv	il,n_fcache
0BF5F4 0D D1 F7 0B       			mv	y,fcache;rel
0BF5F8 AD CB F7 0B       			mv	[fcachep],y;rel
0BF5FC 04 0D F6          			call	buffer_clr_3		;Initialisation du cache FAT
0BF5FF 09 01             			mv	il,n_dcache
0BF601 0D 7B FB 0B       			mv	y,dcache;rel
0BF605 AD CE F7 0B       			mv	[dcachep],y;rel
0BF609 04 0D F6          			call	buffer_clr_3		;Initialisation du cache de donnees
0BF60C 06                			ret
0BF60D                   	
0BF60D FD 45             	buffer_clr_3:	mv	x,y
0BF60F B2 84 81          			mv	[x+cache_sect],ba
0BF612 7C 01             			dec	il
0BF614 18 0A             			jrz	buffer_clr_2
0BF616 0A 86 00          			mv	ba,cache_size
0BF619 45 52             			add	y,ba
0BF61B B5 84 83          			mv	[x+cache_next],y
0BF61E 13 13             			jr	buffer_clr_3
0BF620 0D FF FF 0F       	buffer_clr_2:	mv	y,$fffff
0BF624 B5 84 83          			mv	[x+cache_next],y
0BF627 06                			ret
0BF628                   	;----------------------------------------------------------------------
0BF628                   	;		Verification de la correspondance du tampon pour la commande $ 17
0BF628                   	;----------------------------------------------------------------------
0BF628 0C C7 F6 0B       	check_sect:	mv	x,sect_1;rel
0BF62C 09 81             			mv	il,sectsiz+1
0BF62E E0 24 00          	check_sect_3:	mv	(i_work1),[x++]
0BF631 90 84 81          			mv	a,[x+sectsiz+1]
0BF634 63 00             			cmp	(i_work1),a			;Comparaison du contenu de la memoire tampon
0BF636 1A 05             			jrnz	check_sect_4
0BF638 7C 01             			dec	il
0BF63A 1B 0E             			jrnz	check_sect_3
0BF63C 06                			ret
0BF63D                   	check_sect_4:
0BF63D D1 02 01 FC 0B    			mvw	(sect_num),[sect_number];rel
0BF642 0C C7 F6 0B       			mv	x,sect_1;rel
0BF646 09 81             			mv	il,sectsiz+1
0BF648 2C                			pushu	x
0BF649 04 F7 F4          			call	send_sect			;Pour expulser le tampon
0BF64C 3C                			popu	x
0BF64D 82 02             			mv	ba,(sect_num)
0BF64F 6C 02             			inc	ba
0BF651 A2 02             			mv	(sect_num),ba
0BF653 7C 02             			dec	ba
0BF655 7C 02             			dec	ba
0BF657 A2 04             			mv	(sect_num2),ba
0BF659 85 0A             			mv	y,(cachep)
0BF65B 92 85 81          	check_sect_6:	mv	ba,[y+cache_sect]
0BF65E D6 02 02          			cmpw	(sect_num),ba
0BF661 1A 07             			jrnz	check_sect_5
0BF663 28                			pushu	a
0BF664 90 84 80          			mv	a,[x+sectsiz]
0BF667 B0 05             			mv	[y],a				;Le premier octet du secteur a cote du secteur accede
0BF669 38                			popu	a
0BF66A D6 02 04          	check_sect_5:	cmpw	(sect_num2),ba
0BF66D 1A 05             			jrnz	check_sect_7
0BF66F 90 04             			mv	a,[x]
0BF671 B0 85 80          			mv	[y+sectsiz],a		;Le 129eme octet du secteur avant le secteur accede
0BF674 95 85 83          	check_sect_7:	mv	y,[y+cache_next]
0BF677 2D                			pushu	y
0BF678 6C 05             			inc	y
0BF67A 3D                			popu	y
0BF67B 1B 22             			jrnz	check_sect_6
0BF67D 06                			ret
0BF67E                   	;----------------------------------------------------------------------
0BF67E                   	;		Verification de la correspondance avec le cache
0BF67E                   	;----------------------------------------------------------------------
0BF67E                   	send_cache:
0BF67E 2C                			pushu	x
0BF67F 2D                			pushu	y
0BF680 0C CE F7 0B       			mv	x,dcachep;rel
0BF684 0A 2C 00          	secpatch:	mv	ba,dtop			;Le numero du secteur principal de la zone DATA est ecrit
0BF687 D6 02 02          			cmpw	(sect_num),ba
0BF68A 1E 04             			jrnc	send_cache_0
0BF68C 0C CB F7 0B       			mv	x,fcachep;rel
0BF690 A4 0A             	send_cache_0:	mv	(cachep),x
0BF692 A4 10             			mv	(before),x
0BF694 94 04             			mv	x,[x]
0BF696 92 84 81          	send_cache_1:	mv	ba,[x+cache_sect]
0BF699 95 84 83          			mv	y,[x+cache_next]
0BF69C D6 02 02          			cmpw	(sect_num),ba
0BF69F 18 11             			jrz	send_cache_2		;Le secteur auquel on a tente d'acceder est le meme que CACHE
0BF6A1 2D                			pushu	y
0BF6A2 6C 05             			inc	y
0BF6A4 3D                			popu	y
0BF6A5 97                			sc						;Marquez qu'il ne peut pas etre lu de CACHE
0BF6A6 18 0A             			jrz	send_cache_2
0BF6A8 08 83             			mv	a,cache_next
0BF6AA 45 40             			add	x,a
0BF6AC A4 10             			mv	(before),x
0BF6AE FD 45             			mv	x,y
0BF6B0 13 1C             			jr	send_cache_1
0BF6B2 BD 00 10          	send_cache_2:	mv	[(before)],y
0BF6B5 9D 00 0A          			mv	y,[(cachep)]
0BF6B8 B5 84 83          			mv	[x+cache_next],y
0BF6BB E9 84 02 81       			mvw	[x+cache_sect],(sect_num)
0BF6BF BC 00 0A          			mv	[(cachep)],x
0BF6C2 A4 0A             			mv	(cachep),x
0BF6C4 3D                			popu	y
0BF6C5 3C                			popu	x
0BF6C6 06                			ret
0BF6C7                   	
0BF6C7                   	prgend:
0BF6C7                   	;----------------------------------------------------------------------
0BF6C7                   	;		Zone de travail
0BF6C7                   	;----------------------------------------------------------------------
0BF6C7                   	suborg		*
0BF6C7                   	byte		sect_1[sectsiz+1+1],sect_2[sectsiz+1+1]
0BF6C7                   	pntr		fcachep,dcachep
0BF6C7                   	byte		fcache[cache_size*n_fcache]
0BF6C7                   	byte		dcache[cache_size*n_dcache]
0BF6C7                   	word		sect_number
0BF6C7                   	
0BF6C7                   	blen:		equ	%-block_top
0BF6C7                   		end

  No fatal error.  Code: 0BF000h - 0BF6C6h [     1735 byte(s)]
