; XASM MAP file - tmap2020.asm
; Code: 0BE000h - 0BE6CFh [1744 bytes]

; Sections:

; Symbols:
0BE49Ah  ADRPUT
0BE555h  BASTBL
0000D1h  BASWRK
0000D4h  BX
0BE4AAh  BYTPUT
0BE446h  CHPUTS
0BFC9Bh  CSRX
0BFC9Ch  CSRY
0000D6h  CX
0000CEh  DATBAS
0BE4DFh  DECPU1
0BE4E3h  DECPU2
0BE4E5h  DECPU3
0BE4F8h  DECPU4
0BE4D8h  DECPUT
0BFC7Dh  DEFDRV
0000DDh  DI
0BE154h  DLINK1
0BE186h  DLINK2
0BFC96h  DOTSOP
0BE305h  DV1
0BE31Ah  DV2
0BE325h  DV3
0BE347h  DV4
0BE34Eh  DV5
0BE355h  DV6
0BE375h  DV7
0BE376h  DV8
0BE2FFh  DVINFO
0000D8h  DX
0000F5h  EI
0000F3h  EO
0BE197h  ERROR
0BFCDBh  EXV
0BFCC6h  FASTV
0FFFE4h  FCS
0BE6CBh  FLAG
0BE1B1h  FP00
0BE1DBh  FP01
0BE6CCh  HANDLE
0BFC9Eh  HEIGHT
0BE4B8h  HEXPU1
0BE4B0h  HEXPUT
0BFCF6h  HISBUF
0BE38Bh  IINFO1
0BE397h  IINFO2
0000FBh  IMR
0FFFE8h  IOCS
0BFCA2h  IOCSH
0BE383h  IOCSINFO
0000E6h  IOCSW
0BFCC9h  IRV
0BE502h  KEYIN
0BFCCCh  KEYV
0000F2h  KI
0000F0h  KO
0BFCA1h  LCDMOD
0BFC57h  MENUV
0BE127h  NOUSR
0BFCCFh  ONV
0BE013h  OPT1
0BE019h  OPT11
0BE01Bh  OPT12
0BE021h  OPT2
0BE031h  OPT3
0BE03Dh  OPT4
0BE043h  OPT5
0BE2C3h  PFI1
0BE1AAh  PFILE
0BE1B9h  PFILE0
0BE1EDh  PFILE1
0BE203h  PFILE2
0BE2CBh  PFILE3
0BE2F0h  PFILEE
0BE2F5h  PFMOV1
0BE249h  PFS
0BE268h  PFS1
0BE27Eh  PFS2
0BE283h  PFS3
0BE451h  PRINT
0BE2F3h  PSMOV
0000EDh  PX
0000EEh  PY
019000h  SCCB
0BFCF9h  SCCBUF
01988Fh  SCCM
019880h  SCCT
01988Ah  SCCV
019800h  SCCW
0000FDh  SCR
0BE467h  SCREEN
0BE493h  SCREN1
0BE45Ah  SCREND
0BE462h  SCRENL
0BFC27h  SCRNX
0BFC28h  SCRNY
0BE3AFh  SETFIL
0BE3B8h  SF1
0BE42Fh  SF10
0BE433h  SF11
0BE439h  SF12
0BE444h  SF13
0BE3CAh  SF2
0BE3DBh  SF3
0BE3EBh  SF4
0BE3EDh  SF5
0BE401h  SF6
0BE40Fh  SF7
0BE415h  SF8
0BE425h  SF9
0000DAh  SI
0BFCD5h  SIORV
0BFCD2h  SIOSV
0BE3ABh  SKIPS1
0BE39Eh  SKIPSPC
0BFCC9h  SLOWV
0000FFh  SSR
0BE6D0h  STRBUF
0BFCE1h  SWORK
0BE6CDh  TOPSLT
0000CBh  TXTBAS
0BFD1Ah  USRWRK
0BFCDEh  UWORK
0BE531h  VECTBL
0BE099h  VW
0BE0EAh  VW1
0BFC9Dh  WIDTH
0BE4C7h  ZDECP1
0BE4D6h  ZDECP2
0BE4BDh  ZDECPUT
0BE1ADh  _197
0BE1D7h  _218
0BE61Ah  _ADEV
0BE624h  _ASYS
0BE61Fh  _ATSR
0FFFFFh  _COMPO
0BE515h  _DECPU
0BE651h  _DEV
0BE695h  _FERR
0BE6A1h  _FERRE
0BE5EAh  _FFREE
0BE567h  _FILE
0BE5F6h  _IFREE
0BE55Ah  _ROMV
0BE5B4h  _S1
0BE5C6h  _S2
0BE5D8h  _S3
0BE52Ah  _SCRN
0BE6A1h  _TITLE
0BE608h  _UFREE
