0BF000                   			org	$bf000
0BF000                   	;----------------------------------------------------------------------
0BF000                   	;
0BF000                   	;	Pocket Link Cache Device Driver ver 1.62
0BF000                   	;	Installation program
0BF000                   	;	for PC-E500 series pocket computer
0BF000                   	;	Copyright (c) 1996,1997,1999 by Daisuke Mizobata
0BF000                   	;
0BF000                   	;	based on PLINK.SYS ver 1.04
0BF000                   	;	Copyright (c) 1990,93,94 N.Kon
0BF000                   	;
0BF000                   	;----------------------------------------------------------------------
0BF000                   	;
0BF000                   	
0BF000                   	;----------------------------------------------------------------------
0BF000                   	;		Differentes definitions numeriques
0BF000                   	;----------------------------------------------------------------------
0BF000                   	fcs:			equ	$fffe4
0BF000                   	iocs:			equ	$fffe8
0BF000                   	iocs_fook:		equ	$bfca2
0BF000                   	sio_rcv_vct:	equ	$bfcd5
0BF000                   	sio_param:		equ	$bfd33
0BF000                   	base:			equ	$ec
0BF000                   	bx:				equ	$d4
0BF000                   	cx:				equ	$d6
0BF000                   	cl:				equ	$d6
0BF000                   	ch:				equ	$d7
0BF000                   	dx:				equ	$d8
0BF000                   	key_strobe_2:	equ	$f1
0BF000                   	sio_ctrl_reg:	equ	$f7
0BF000                   	sio_stat_reg:	equ	$f8
0BF000                   	sio_rx_reg:		equ	$f9
0BF000                   	sio_tx_reg:		equ	$fa
0BF000                   	intr_mask_reg:	equ	$fb
0BF000                   	system_stat_reg:equ	$ff
0BF000                   	
0BF000                   	btext:	equ	$cb
0BF000                   	bdata:	equ	$ce
0BF000                   	bpmax:	equ	$ca
0BF000                   	iwork:	equ	$e6
0BF000                   	keyvec:	equ	$bfc41
0BF000                   	s1top:	equ	$bfc15
0BF000                   	s1end:	equ	$bfcde
0BF000                   	cdrv:	equ	$bfc7d
0BF000                   	rev:	equ	$bfca1
0BF000                   	iroot:	equ	$bfca2
0BF000                   	bworkp:	equ	$bfd0e
0BF000                   	
0BF000                   	sectsiz:	equ	128
0BF000                   	cache_sect:	equ	sectsiz+1
0BF000                   	cache_next:	equ	cache_sect+2
0BF000                   	cache_size:	equ	cache_next+3
0BF000                   	n_fcache:	equ	7		;	Nombre de secteurs dans le cache FAT
0BF000                   	n_dcache:	equ	1		;	Nombre de secteurs dans le cache de donnees
0BF000                   	dtop:		equ	44
0BF000                   	timeout:	equ	40000		; Delai d'attente (environ 1 seconde)
0BF000                   	
0BF000                   	
0BF000                   	;
0BF000                   	;	Installateur
0BF000                   	;
0BF000                   	
0BF000                   	pntr	dest,bottom,mdf,offset
0BF000                   	
0BF000                   	entry:
0BF000 32                		pre	$32
0BF001 49 EC 0C          		sub	($ec),%
0BF004 09 00             		mv	il,title-mb
0BF006 04 12 F1          		call	putm2
0BF009                   	
0BF009                   	;	"L:" existe-t-il deja?
0BF009 0C 09 F2 0B       		mv	x,dvname
0BF00D 09 00             		mv	il,0
0BF00F 04 4C F1          		call	icall			;	Recherche de nom de lecteur
0BF012 09 48             		mv	il,exi_m-mb
0BF014 17 0A F1          		jpnc	msend
0BF017                   	
0BF017                   	;	Si un bloc de memoire existe
0BF017 0C E0 F1 0B       		mv	x,btop+1
0BF01B 09 41             		mv	il,$41
0BF01D 04 48 F1          		call	memd
0BF020 09 48             		mv	il,exi_m-mb
0BF022 17 0A F1          		jpnc	msend
0BF025                   	
0BF025 8D A2 FC 0B       		mv	y,[iroot]			;	Debut de la liste d'en-tete IOCS d'origine
0BF029 AD 01 F2 0B       		mv	[ihead],y
0BF02D                   	
0BF02D                   	;	Definir le numero de peripherique
0BF02D 32                		pre	$32
0BF02E CC D6 09          		mv	(cx),10-1			;	Numero de peripherique planifie 10
0BF031                   	_blk00001_t:
0BF031 32                			pre	$32
0BF032 6D D6             			inc	(cx)
0BF034 09 01             			mv	il,1
0BF036 04 4C F1          			call	icall
0BF039 1F 0A             			jrnc	_blk00001_t
0BF03B                   	_blk00001_e:
0BF03B 32                		pre	$32
0BF03C D8 04 F2 0B D6    		mv	[devno],(cx)		;	Definir le numero de peripherique
0BF041                   	
0BF041 09 47             		mv	il,$47
0BF043 04 48 F1          		call	memd
0BF046                   	
0BF046                   	;	Verifiez l'emplacement d'installation
0BF046 8C 15 FC 0B       		mv	x,[s1top]
0BF04A 95 84 12          		mv	y,[x+$12]
0BF04D 45 45             	loop1:	add	x,y
0BF04F A4 00             		mv	(dest),x
0BF051 90 04             		mv	a,[x]
0BF053 60 FB             		cmp	a,$fb
0BF055 1A 12             		jrnz	chksize
0BF057 90 84 0C          		mv	a,[x+$0c]
0BF05A 64 0C             		test	a,$0c
0BF05C                   	
0BF05C 95 84 11          	loop2:	mv	y,[x+$11]
0BF05F 1B 14             		jrnz	loop1
0BF061 45 45             		add	x,y
0BF063 90 04             		mv	a,[x]
0BF065 60 FB             		cmp	a,$fb
0BF067 19 0D             		jrz	loop2
0BF069                   	
0BF069                   	chksize:
0BF069                   	;	 Verifiez si le programme depasse la limite de 64 Ko
0BF069 0B E4 03          		mv	i,prgend-btop		;	Taille du conducteur seulement
0BF06C 82 00             		mv	ba,(dest)
0BF06E 44 23             		add	ba,i
0BF070 09 7C             		mv	il,pg_m-mb
0BF072 1C 8A             		jrc	msend2
0BF074                   	
0BF074                   	;	Verifier la capacite de la memoire
0BF074 A4 03             		mv	(bottom),x
0BF076 8D DE FC 0B       		mv	y,[s1end]
0BF07A 4D 54             		sub	y,x
0BF07C 7C 05             		dec	y
0BF07E 0A 20 09          		mv	ba,blen
0BF081 4D 52             		sub	y,ba
0BF083 09 5A             		mv	il,mem_m-mb
0BF085 1C 77             		jrc	msend2
0BF087                   	
0BF087                   	;	Bloc memoire Stagger
0BF087 84 03             		mv	x,(bottom)
0BF089 85 00             		mv	y,(dest)
0BF08B 4D 45             		sub	x,y
0BF08D 6C 04             		inc	x				;	x = nombre d'octets a deplacer
0BF08F 2F                		pushu	imr			;	Desactiver l'interruption
0BF090 B6 37             		mv	[--s],u			;	pushs	u
0BF092 85 03             		mv	y,(bottom)
0BF094 86 03             		mv	u,(bottom)
0BF096 45 62             		add	u,ba
0BF098 6C 06             		inc	u
0BF09A 6C 05             		inc	y
0BF09C                   	_blk00002_t:
0BF09C 90 35             			mv	a,[--y]
0BF09E 28                			pushu	a		;	mv	[--u],a
0BF09F 7C 04             			dec	x
0BF0A1 1B 07             		jrnz	_blk00002_t
0BF0A3                   	_blk00002_e:
0BF0A3                   	
0BF0A3                   	;	Chauffeur de transfert
0BF0A3 0E DF F1 0B       		mv	u,btop
0BF0A7 84 00             		mv	x,(dest)
0BF0A9 B6 37             		mv	[--s],u			;	pushs	u
0BF0AB 4D 64             		sub	u,x
0BF0AD A6 09             		mv	(offset),u
0BF0AF 96 27             		mv	u,[s++]			;	pops	u
0BF0B1 0B E4 03          		mv	i,prgend-btop	;	Taille du conducteur seulement
0BF0B4                   	_blk00003_t:
0BF0B4 38                			popu	a		;	mv	a,[u++]
0BF0B5 B0 24             			mv	[x++],a
0BF0B7 7C 03             			dec	i
0BF0B9 1B 07             			jrnz	_blk00003_t
0BF0BB                   	_blk00003_e:
0BF0BB                   	
0BF0BB                   	;	Relocaliser le traitement
0BF0BB 85 00             		mv	y,(dest)
0BF0BD 0A DF 01          		mv	ba,btop-entry
0BF0C0 4D 52             		sub	y,ba
0BF0C2                   	_blk00004_t:
0BF0C2 38                			popu	a		;	mv	a,[u++]
0BF0C3 60 FF             			cmp	a,$ff
0BF0C5 18 1F             			jrz	_blk00004_e
0BF0C7 09 02             			mv	il,2
0BF0C9 64 80             			test	a,$80
0BF0CB 18 02             			jrz	word
0BF0CD 6C 01             			inc	il
0BF0CF 70 7F             	word:		and	a,$7f
0BF0D1 60 7E             			cmp	a,$7e
0BF0D3 1A 04             			jrnz	short
0BF0D5 3A                			popu	ba		;	mv	ba,[u++]
0BF0D6 45 52             			add	y,ba
0BF0D8 0A                			db	$0a			;	Passer les 2 octets suivants
0BF0D9 45 50             	short:		add	y,a		
0BF0DB E2 05 06          			mvp	(mdf),[y]
0BF0DE 5C 06 09          			sbcl	(mdf),(offset)
0BF0E1 EA 05 06          			mvp	[y],(mdf)
0BF0E4 13 24             			jr	_blk00004_t
0BF0E6                   	_blk00004_e:
0BF0E6                   	
0BF0E6 96 27             		mv	u,[s++]			;	pops	u
0BF0E8                   	
0BF0E8                   	;	S'inscrire a la liste IOCS
0BF0E8 84 00             		mv	x,(dest)
0BF0EA 08 22             		mv	a,ihead-btop
0BF0EC 45 40             		add	x,a
0BF0EE AC A2 FC 0B       		mv	[iroot],x
0BF0F2                   	
0BF0F2 3F                		popu	imr
0BF0F3 0C 09 F2 0B       		mv	x,dvname
0BF0F7 09 04             		mv	il,$04
0BF0F9 04 4C F1          		call	icall		;	Initialisation des parametres
0BF0FC                   	
0BF0FC 09 6F             		mv	il,ins_m-mb
0BF0FE                   	msend2:
0BF0FE                   	
0BF0FE 2B                		pushu	i
0BF0FF 04 27 F1          		call	linkbas		;	Corrigez les pointeurs de BTEXT $ et BDATA $ en BASIC
0BF102 08 00             		mv	a,0
0BF104 32                		pre	$32
0BF105 B8 80 E6 3A       		mv	[(iwork)+$3a],a	;	Detachez RAMFILE
0BF109 3B                		popu	i
0BF10A 04 12 F1          	msend:	call	putm2
0BF10D 32                		pre	$32
0BF10E 41 EC 0C          		add	($ec),%
0BF111 07                		retf
0BF112                   	
0BF112 0C 51 F1 0B       	putm2:	mv	x,mb
0BF116 45 43             		add	x,i
0BF118 91 24             		mv	il,[x++]
0BF11A FD 53             		mv	y,i
0BF11C 32                		pre	$32
0BF11D CC D6 00          		mv	(cx),0
0BF120 09 04             		mv	il,$04
0BF122 05 E4 FF 0F       		callf	fcs
0BF126 06                		ret
0BF127                   	
0BF127                   	linkbas:
0BF127                   	;	Pointeur de BTEXT $ et BDATA $
0BF127 32                		pre	$32
0BF128 8C 0E FD 0B       		mv	x,[bworkp]
0BF12C 08 72             		mv	a,$72
0BF12E 45 40             		add	x,a
0BF130 04 42 F1          		call	bsearch
0BF133 1C 0C             		jrc	bomb
0BF135 32                		pre	$32
0BF136 A5 CB             		mv	(btext),y
0BF138 04 42 F1          		call	bsearch
0BF13B 1C 04             		jrc	bomb
0BF13D 32                		pre	$32
0BF13E A5 CE             		mv	(bdata),y
0BF140 06                		ret
0BF141 FF                	bomb:	reset
0BF142                   	
0BF142 09 41             	bsearch:mv	il,$41
0BF144 32                	memd2:	pre	$32
0BF145 E0 24 D7          		mv	(cx+1),[x++]
0BF148 32                	memd:	pre	$32
0BF149 CC D6 06          		mv	(cx),6
0BF14C 05 E8 FF 0F       	icall:	callf	iocs
0BF150 06                		ret
0BF151                   	
0BF151                   	mb:
0BF151 47 50 4C 49 4E 4B 	title:	db	37+34,'PLINKC ver 1.62 by Daisuke Mizobata',$0d,$0a
0BF157 43 20 76 65 72 20 	
0BF15D 31 2E 36 32 20 62 	
0BF163 79 20 44 61 69 73 	
0BF169 75 6B 65 20 4D 69 	
0BF16F 7A 6F 62 61 74 61 	
0BF175 0D 0A             	
0BF177 62 61 73 65 64 20 		db	'based on PLINK ver 1.04 by N.Kon',$0d,$0a
0BF17D 6F 6E 20 50 4C 49 	
0BF183 4E 4B 20 76 65 72 	
0BF189 20 31 2E 30 34 20 	
0BF18F 62 79 20 4E 2E 4B 	
0BF195 6F 6E 0D 0A       	
0BF199 11 41 6C 72 65 61 	exi_m:	db	17,'Already exists.',$0d,$0a
0BF19F 64 79 20 65 78 69 	
0BF1A5 73 74 73 2E 0D 0A 	
0BF1AB 14 4E 6F 74 20 65 	mem_m:	db	20,'Not enough memory.',$0d,$0a
0BF1B1 6E 6F 75 67 68 20 	
0BF1B7 6D 65 6D 6F 72 79 	
0BF1BD 2E 0D 0A          	
0BF1C0 0C 49 6E 73 74 61 	ins_m:	db	12,'Installed.',$0d,$0a
0BF1C6 6C 6C 65 64 2E 0D 	
0BF1CC 0A                	
0BF1CD 11 4F 76 65 72 20 	pg_m:	db	17,'Over two pages.',$0d,$0a
0BF1D3 74 77 6F 20 70 61 	
0BF1D9 67 65 73 2E 0D 0A 	
0BF1DF                   	
0BF1DF                   	;----------------------------------------------------------------------
0BF1DF                   	;		En-tete du fichier d'en-tete de l'appareil
0BF1DF                   	;----------------------------------------------------------------------
0BF1DF FB 50 4C 49 4E 4B 	btop:	db	$fb,'PLINK   SYS'		;Nom du bloc de peripherique
0BF1E5 20 20 20 53 59 53 	
0BF1EB 25                			db	$25						;Attributs de bloc de memoire
0BF1EC 00 00 00 00       			dw	0,0						;Date et heure
0BF1F0 20 09 00          			dp	blen					;Nombre d'octets dans le bloc memoire
0BF1F3 00 00             			dw	0
0BF1F5 20 09 00          			dp	blen					;Nombre d'octets de l'entite de fichier
0BF1F8 20 09 00          			dp	blen					;Nombre d'octets dans le bloc memoire
0BF1FB 00 00 00 00 00 00 			dp	0,0
0BF201                   	;----------------------------------------------------------------------
0BF201                   	;		En-tete du pilote de peripherique
0BF201                   	;----------------------------------------------------------------------
0BF201 00 00 00          	ihead:		dp	0			;Adresse du prochain en-tete de pilote de peripherique
0BF204 00                	devno:		db	0			;Numero d'appareil (variable)
0BF205 83                			db	$83				;Attribut de peripherique (identique a E :)
0BF206 36 F2 0B          			rel dp	devmain		;Adresse du corps du pilote de peripherique
0BF209 4C 3A 00          	dvname:		db	'L:',0		;Nom de l'appareil
0BF20C                   	;----------------------------------------------------------------------
0BF20C                   	;		Media parameter block
0BF20C                   	;----------------------------------------------------------------------
0BF20C                   	;Version de 128 Ko
0BF20C F0                	mpb128:		db	$f0			;Descripteur de media (peut etre approprie)
0BF20D 80 00             			dw	sectsiz			;Nombre d'octets par secteur
0BF20F 03                			db	4-1				;(Nombre d'octets par secteur / 32) -1
0BF210 02                			db	2				;log 2 (nombre d'octets par secteur / 32)
0BF211 00                			db	0				;???
0BF212 01                			db	1				;???
0BF213 00 00             			dw	0				;Premier numero de secteur de zone FAT
0BF215 08                			db	8				;???
0BF216 80 00             			dw	128				;Nombre maximum de fichiers stockables
0BF218 2C 00             			dw	dtop			;Numero du secteur de depart de la zone de donnees
0BF21A D5 03             			dw	980+1			;Nombre total de secteurs dans la zone de donnees + 1
0BF21C 0C                			db	12				;Nombre total de secteurs dans la zone FAT
0BF21D 0C 00             			dw	12				;Premier numero de secteur de la zone DIR
0BF21F                   	;Donnees referencees dans DS
0BF21F 0C 00             			dw	12				;Premier numero de secteur de la zone DIR
0BF221                   	;Version de 512 Ko
0BF221 F0                	mpb512:		db	$f0
0BF222 80 00             			dw	sectsiz
0BF224 03                			db	4-1
0BF225 02                			db	2
0BF226 00                			db	0
0BF227 01                			db	1
0BF228 00 00             			dw	0
0BF22A 08                			db	8
0BF22B 80 00             			dw	128
0BF22D 50 00             			dw	80			;Numero du secteur de depart de la zone de donnees
0BF22F B1 0F             			dw	4016+1		;Nombre total de secteurs dans la zone de donnees + 1
0BF231 30                			db	48			;Nombre total de secteurs dans la zone FAT
0BF232 30 00             			dw	48			;Premier numero de secteur de la zone DIR
0BF234                   	;
0BF234 30 00             			dw	48
0BF236                   	;----------------------------------------------------------------------
0BF236                   	;		Corps
0BF236                   	;----------------------------------------------------------------------
0BF236                   	suborg		0
0BF236                   	byte		i_work1,i_work2
0BF236                   	word		sect_num,sect_num2
0BF236                   	byte		flag,rxdata,i_work3,subko
0BF236                   	pntr		cachep,vct_rsv,before
0BF236 2F                	devmain:	pushu	imr				;Arretez l'interruption et reecrivez le vecteur de reception SIO
0BF237 2C                			pushu	x
0BF238 30                			pre	$30
0BF239 49 EC 13          			sub	(base),%
0BF23C 8C D5 FC 0B       			mv	x,[sio_rcv_vct]
0BF240 A4 0D             			mv	(vct_rsv),x	
0BF242 0C CF F4 0B       			rel mv	x,rcv
0BF246 AC D5 FC 0B       			mv	[sio_rcv_vct],x
0BF24A 3C                			popu	x
0BF24B 3F                			popu	imr
0BF24C D0 08 33 FD 0B    			mv	(i_work3),[sio_param]   ;Charger les parametres
0BF251 71 08 FD          			and	(i_work3),$fd	   		;Ce force a 8 bits
0BF254 22                			pre	$22
0BF255 C0 08 F7          			ex	(i_work3),(sio_ctrl_reg);Parametrage de la SIO & conservation du contenu precedent
0BF258 22                			pre	$22
0BF259 C8 09 F1          			mv	(subko),(key_strobe_2)	;Enregistrer KOH
0BF25C 30                			pre	$30
0BF25D 79 F1 60          			or	(key_strobe_2),$60		;Activer DTR, RR
0BF260                   	;
0BF260 04 02 F3          		rel call	main
0BF263                   	;
0BF263                   	_blk00005_t:
0BF263 30                				pre	$30
0BF264 65 F8 10          				test	(sio_stat_reg),$10
0BF267 19 06             				jrz	_blk00005_t				;Attendre la fin de la transmission
0BF269                   	_blk00005_e:
0BF269 30                			pre	$30
0BF26A C8 F7 08          			mv	(sio_ctrl_reg),(i_work3)	;Restaurer le parametre SIO
0BF26D 30                			pre	$30
0BF26E C8 F1 09          			mv	(key_strobe_2),(subko)		;Restaurer KOH
0BF271 65 06 02          			test	(flag),2
0BF274 18 0E             			jrz	jump00						;[BRK] a ete presse?
0BF276 08 02             			mv	a,$02
0BF278 1C 0A             			jrc	jump00
0BF27A 66 BE FC 0B 80    	brkloop:	test	[$bfcbe],$80		;Attendez que la pause soit liberee
0BF27F 1B 07             			jrnz	brkloop
0BF281 08 FF             			mv	a,$ff						;Traitement en cas de pression
0BF283 97                			sc
0BF284 2F                	jump00:		pushu	imr					;Restaurer le vecteur de reception SIO
0BF285 2C                			pushu	x
0BF286 84 0D             			mv	x,(vct_rsv)
0BF288 AC D5 FC 0B       			mv	[sio_rcv_vct],x
0BF28C 30                			pre	$30
0BF28D 47 EC 13          			pmdf	(base),%
0BF290 3C                			popu	x
0BF291 3F                			popu	imr
0BF292 07                			retf
0BF293                   	;----------------------------------------------------------------------
0BF293                   	;		Diverses commandes
0BF293                   	;----------------------------------------------------------------------
0BF293 90 04             	init:		mv	a,[x]
0BF295 60 31             			cmp	a,'1'
0BF297 1A 06             			jrnz	cmd3f_5
0BF299 0C 0C F2 0B       			rel mv	x,mpb128
0BF29D 12 08             			jr	cmd3f_15
0BF29F 60 35             	cmd3f_5:	cmp	a,'5'
0BF2A1 1A 1E             			jrnz	cmd3f_d
0BF2A3 0C 21 F2 0B       			rel mv	x,mpb512
0BF2A7 28                	cmd3f_15:	pushu	a
0BF2A8 AC FD F2 0B       			rel mv	[getmpb+1],x
0BF2AC 92 84 0C          			mv	ba,[x+$c]
0BF2AF AA 81 F5 0B       			rel mv	[secpatch+1],ba
0BF2B3 04 24 F5          		rel call	check_sect
0BF2B6 08 53             			mv	a,'S'
0BF2B8 04 89 F4          		rel call	send_one
0BF2BB 38                			popu	a
0BF2BC 04 89 F4          		rel call	send_one
0BF2BF 12 24             			jr	cmd3f_2
0BF2C1 60 44             	cmd3f_d:	cmp	a,'D'
0BF2C3 1A 11             			jrnz	cmd3f_i
0BF2C5 04 24 F5          		rel call	check_sect
0BF2C8 08 44             			mv	a,'D'
0BF2CA 04 89 F4          		rel call	send_one
0BF2CD 0B 12 0F          			mv	i,$12+(receive_one_s-receive_one-2)*$100
0BF2D0 AB 9A F4 0B       			rel mv	[receive_one],i		;jr receive_one_s
0BF2D4 12 0F             			jr	cmd3f_2
0BF2D6 60 49             	cmd3f_i:	cmp	a,'I'
0BF2D8 1A 0B             			jrnz	cmd3f_2
0BF2DA 09 82             			mv	il,130					;"Je" commande
0BF2DC 08 00             			mv	a,0						;Envoyer 130 pieces de 00h
0BF2DE                   	cmd3f_i1:
0BF2DE 04 89 F4          		rel call	send_one
0BF2E1 7C 01             			dec	il
0BF2E3 1B 07             			jrnz	cmd3f_i1
0BF2E5                   	cmd3f_2:
0BF2E5 04 D8 F4          		rel call	buffer_clr
0BF2E8                   			;bsr	root
0BF2E8                   			;ret
0BF2E8                   	
0BF2E8                   	root:
0BF2E8 04 F3 F2          		rel call	getroot
0BF2EB B3 84 0A          			mv	[x+$a],i
0BF2EE B2 84 11          			mv	[x+$11],ba
0BF2F1 9F                			rc
0BF2F2 06                			ret
0BF2F3                   	
0BF2F3                   	getroot:
0BF2F3 04 FC F2          		rel call	getmpb
0BF2F6 92 84 13          			mv	ba,[x+$13]
0BF2F9 09 80             			mv	il,128
0BF2FB 06                			ret
0BF2FC                   	
0BF2FC 0C 0C F2 0B       	getmpb:		rel mv	x,mpb128
0BF300 9F                			rc
0BF301 06                			ret
0BF302                   	;----------------------------------------------------------------------
0BF302                   	;		Corps de chaque processus
0BF302                   	;----------------------------------------------------------------------
0BF302 CC 06 00          	main:		mv	(flag),0		;Effacer le drapeau
0BF305 FD 01             			mv	a,il				;Analyse de commande
0BF307 60 10             			cmp	a,$10
0BF309 1A 02             			jrnz	cmd11
0BF30B 9F                			rc						;Traitement de commande 10h
0BF30C 06                			ret
0BF30D 60 11             	cmd11:		cmp	a,$11
0BF30F 19 15             			jrz	getmpb				;Traitement de la commande 11h
0BF311 60 12             			cmp	a,$12
0BF313 18 6A             			jrz	read_sect			;Traitement de commande 12h
0BF315 60 13             			cmp	a,$13
0BF317 18 A1             			jrz	write_sect			;Traitement de la commande 13h
0BF319 60 14             			cmp	a,$14
0BF31B 18 9D             			jrz	write_sect			;Traitement de la commande 14h
0BF31D 60 15             			cmp	a,$15
0BF31F 18 5E             			jrz	read_sect			;Traitement de commande 15h
0BF321 60 16             			cmp	a,$16
0BF323 1A 05             			jrnz	cmd17
0BF325 0A 00 00          			mv	ba,0				;Traitement de commande 16h
0BF328 9F                			rc
0BF329 06                			ret
0BF32A 60 17             	cmd17:		cmp	a,$17
0BF32C 1A 41             			jrnz	cmd18
0BF32E 8A FD FA 0B       			rel mv	ba,[sect_number]	;Traitement de commande 17h
0BF332 30                			pre	$30
0BF333 D6 02 D4          			cmpw	(bx),ba
0BF336 18 2C             			jrz	same_sect				;c'etait le meme secteur que le tampon
0BF338 04 24 F5          		rel call	check_sect
0BF33B 65 06 02          			test	(flag),2
0BF33E 1A 2E             			jrnz	cmd17_err
0BF340 30                			pre	$30
0BF341 82 D4             			mv	ba,(bx)
0BF343 AA FD FA 0B       			rel mv	[sect_number],ba
0BF347 A2 02             			mv	(sect_num),ba
0BF349 0C C3 F5 0B       			rel mv	x,sect_1
0BF34D 0D 45 F6 0B       			rel mv	y,sect_2		;Faire une copie
0BF351 09 41             			mv	il,sectsiz/2+1
0BF353 04 37 F4          		rel call	rcv_sect
0BF356 65 06 02          			test	(flag),2
0BF359 18 09             			jrz	same_sect
0BF35B 0A FF FF          			mv	ba,-1
0BF35E AA FD FA 0B       			rel mv	[sect_number],ba
0BF362 12 0A             			jr	cmd17_err
0BF364 30                	same_sect:	pre	$30
0BF365 CD D6 80 00       			mvw	(cx),sectsiz
0BF369 0C C3 F5 0B       			rel mv	x,sect_1
0BF36D 9F                			rc
0BF36E 06                	cmd17_err:	ret
0BF36F 60 18             	cmd18:		cmp	a,$18
0BF371 19 80             			jrz	getroot				;Traitement de la commande $ 18 (pour DS)	
0BF373 60 3F             	cmd3f:		cmp	a,$3f
0BF375 19 E4             			jrz	init				;Traitement de la commande 3Fh
0BF377 60 40             	cmd40:		cmp	a,$40
0BF379 19 93             			jrz	root				;Traitement de commande 40h
0BF37B 08 03             	cmd_err:	mv	a,3				;Commande invalide
0BF37D 97                			sc
0BF37E 06                			ret
0BF37F                   	;----------------------------------------------------------------------
0BF37F                   	;		Lecture continue de secteurs
0BF37F                   	;----------------------------------------------------------------------
0BF37F 22                	read_sect:	pre	$22
0BF380 C9 02 D4          			mvw	(sect_num),(bx)
0BF383 FD 54             			mv	y,x
0BF385 09 40             			mv	il,sectsiz/2
0BF387 8A FD FA 0B       			rel mv	ba,[sect_number]
0BF38B D6 02 02          			cmpw	(sect_num),ba    ;Secteurs tampons et
0BF38E 1A 0E             			jrnz	read_sect1	     ;Avez-vous frappe?
0BF390 0D C3 F5 0B       			rel mv	y,sect_1
0BF394 92 25             	read_sect2:	mv	ba,[y++]
0BF396 B2 24             			mv	[x++],ba
0BF398 7C 01             			dec	il
0BF39A 1B 08             			jrnz	read_sect2
0BF39C 12 08             			jr	read_sect3
0BF39E                   	read_sect1:
0BF39E 04 37 F4          		rel call	rcv_sect
0BF3A1 65 06 02          			test	(flag),2
0BF3A4 1A 13             			jrnz	read_err
0BF3A6 30                	read_sect3:	pre	$30
0BF3A7 82 D4             			mv	ba,(bx)
0BF3A9 6C 02             			inc	ba
0BF3AB 30                			pre	$30
0BF3AC A2 D4             			mv	(bx),ba
0BF3AE 30                			pre	$30
0BF3AF 82 D8             			mv	ba,(dx)
0BF3B1 7C 02             			dec	ba
0BF3B3 30                			pre	$30
0BF3B4 A2 D8             			mv	(dx),ba
0BF3B6 1B 39             			jrnz	read_sect
0BF3B8 9F                			rc
0BF3B9 06                	read_err:	ret
0BF3BA                   	;----------------------------------------------------------------------
0BF3BA                   	;		Ecriture continue de secteurs
0BF3BA                   	;----------------------------------------------------------------------
0BF3BA 22                	write_sect:	pre	$22
0BF3BB C9 02 D4          			mvw	(sect_num),(bx)
0BF3BE 09 80             			mv	il,sectsiz
0BF3C0 8A FD FA 0B       			rel mv	ba,[sect_number]
0BF3C4 D6 02 02          			cmpw	(sect_num),ba    ;Secteurs tampons et
0BF3C7 1A 0E             			jrnz	write_sect1	     ;Avez-vous frappe?
0BF3C9 0D C3 F5 0B       			rel mv	y,sect_1
0BF3CD 90 24             	write_sect2:	mv	a,[x++]
0BF3CF B0 25             			mv	[y++],a
0BF3D1 7C 01             			dec	il
0BF3D3 1B 08             			jrnz	write_sect2
0BF3D5 12 08             			jr	write_sect3
0BF3D7                   	write_sect1:
0BF3D7 04 F3 F3          		rel call	send_sect
0BF3DA 65 06 02          			test	(flag),2
0BF3DD 1A 13             			jrnz	write_err
0BF3DF 30                	write_sect3:	pre	$30
0BF3E0 82 D4             			mv	ba,(bx)
0BF3E2 6C 02             			inc	ba
0BF3E4 30                			pre	$30
0BF3E5 A2 D4             			mv	(bx),ba
0BF3E7 30                			pre	$30
0BF3E8 82 D8             			mv	ba,(dx)
0BF3EA 7C 02             			dec	ba
0BF3EC 30                			pre	$30
0BF3ED A2 D8             			mv	(dx),ba
0BF3EF 1B 37             			jrnz	write_sect
0BF3F1 9F                			rc
0BF3F2 06                	write_err:	ret
0BF3F3                   	;----------------------------------------------------------------------
0BF3F3                   	;		Transmission a un secteur
0BF3F3                   	;----------------------------------------------------------------------
0BF3F3 29                	send_sect:	pushu	il
0BF3F4 04 7A F5          		rel call	send_cache
0BF3F7 39                			popu	il
0BF3F8 2F                			pushu	imr
0BF3F9 30                			pre	$30
0BF3FA CC FB A0          			mv	(intr_mask_reg),$a0
0BF3FD 85 0A             			mv	y,(cachep)
0BF3FF 2D                			pushu	y
0BF400 90 24             	send_sect_2:	mv	a,[x++]
0BF402 B0 25             			mv	[y++],a		;Ecrivez a CACHE
0BF404 7C 01             			dec	il
0BF406 1B 08             			jrnz	send_sect_2
0BF408 08 57             			mv	a,'W'
0BF40A 04 89 F4          		rel call	send_one
0BF40D 80 02             			mv	a,(sect_num)
0BF40F 04 89 F4          		rel call	send_one
0BF412 80 03             			mv	a,(sect_num+1)
0BF414 04 89 F4          		rel call	send_one
0BF417 3D                			popu	y
0BF418 09 81             			mv	il,sectsiz+1
0BF41A 90 25             	send_sect_3:	mv	a,[y++]
0BF41C 04 89 F4          		rel call	send_one
0BF41F 7C 01             			dec	il
0BF421 1B 09             			jrnz	send_sect_3
0BF423 08 FF             			mv	a,$ff
0BF425 04 89 F4          		rel call	send_one
0BF428 04 9A F4          		rel call	receive_one
0BF42B 65 06 02          			test	(flag),2
0BF42E 18 05             			jrz	send_ok
0BF430 0A FF FF          			mv	ba,-1
0BF433 B2 05             			mv	[y],ba				;Invalider le cache mis en cache
0BF435 3F                	send_ok:	popu	imr
0BF436 06                			ret
0BF437                   	;----------------------------------------------------------------------
0BF437                   	;		Reception 1 secteur
0BF437                   	;----------------------------------------------------------------------
0BF437 2F                	rcv_sect:	pushu	imr
0BF438 29                			pushu	il
0BF439 30                			pre	$30
0BF43A CC FB A0          			mv	(intr_mask_reg),$a0
0BF43D 04 7A F5          		rel call	send_cache
0BF440 39                			popu	il
0BF441 1E 28             			jrnc	read_cache		;Sautez quand vous pouvez lire de CACHE
0BF443 29                			pushu	il
0BF444 2C                			pushu	x
0BF445 84 0A             			mv	x,(cachep)			;Charger dans CACHE
0BF447 08 52             			mv	a,'R'
0BF449 04 89 F4          		rel call	send_one
0BF44C 80 02             			mv	a,(sect_num)
0BF44E 04 89 F4          		rel call	send_one
0BF451 80 03             			mv	a,(sect_num+1)
0BF453 04 89 F4          		rel call	send_one
0BF456 9F                			rc
0BF457 04 9A F4          		rel call	receive_one
0BF45A 1C 0D             			jrc	rcv_sect_2
0BF45C B0 24             			mv	[x++],a
0BF45E 09 80             			mv	il,sectsiz
0BF460                   	rcv_sect_1:
0BF460 04 9A F4          		rel call	receive_one
0BF463 B0 24             			mv	[x++],a
0BF465 7C 01             			dec	il
0BF467 1B 09             			jrnz	rcv_sect_1
0BF469 3C                	rcv_sect_2:	popu	x
0BF46A 39                			popu	il
0BF46B B6 37             	read_cache:	mv	[--s],u			;Lire de CACHE
0BF46D 86 0A             			mv	u,(cachep)
0BF46F 65 06 02          			test	(flag),2
0BF472 18 08             			jrz	read_cache_1
0BF474 0A FF FF          			mv	ba,-1
0BF477 B2 86 81          			mv	[u+cache_sect],ba;Invalider le cache entrant
0BF47A 12 09             			jr	rcv_err
0BF47C 3A                	read_cache_1:	popu	ba		;mv	ba,[u++]
0BF47D B2 24             			mv	[x++],ba
0BF47F B2 25             			mv	[y++],ba
0BF481 7C 01             			dec	il
0BF483 1B 09             			jrnz	read_cache_1
0BF485 96 27             	rcv_err:	mv	u,[s++]
0BF487 3F                			popu	imr
0BF488 06                			ret
0BF489                   	;----------------------------------------------------------------------
0BF489                   	;		Transmission sur 1 octet
0BF489                   	;----------------------------------------------------------------------
0BF489 30                	send_one:	pre	$30
0BF48A 65 F8 08          			test	(sio_stat_reg),$8
0BF48D 19 06             			jrz	send_one			;Attendez qu'il soit pret pour Tx
0BF48F 65 06 02          			test	(flag),2
0BF492 18 02             			jrz	send_one_2			;En mode d'arret de la transmission, 00h est transmis
0BF494 08 00             			mv	a,0
0BF496 30                	send_one_2:	pre	$30
0BF497 A0 FA             			mv	(sio_tx_reg),a		;Envoyer
0BF499 06                			ret
0BF49A                   	;----------------------------------------------------------------------
0BF49A                   	;		Recevez 1 octet
0BF49A                   	;----------------------------------------------------------------------
0BF49A 12 0F             	receive_one:	jr	receive_one_s
0BF49C FF 08             			db	system_stat_reg,8
0BF49E                   	;		test	(system_stat_reg),8
0BF49E 1A 1E             			jrnz	receive_one_err	;[BRK] a ete presse
0BF4A0 65 06 01          			test	(flag),1
0BF4A3 19 0B             			jrz	receive_one			;Attendez qu'un octet soit recu
0BF4A5 80 07             			mv	a,(rxdata)
0BF4A7 71 06 FE          			and	(flag),$fe			;Reinitialiser le drapeau
0BF4AA 06                			ret
0BF4AB 0A 40 9C          	receive_one_s:	mv	ba,timeout
0BF4AE 30                	receive_one_lp:	pre	$30			;1
0BF4AF 65 FF 08          			test	(system_stat_reg),8	;4
0BF4B2 1A 0A             			jrnz	receive_one_err		;2
0BF4B4 65 06 01          			test	(flag),1		;4
0BF4B7 1A 09             			jrnz	receive_one_ok		;2
0BF4B9 7C 02             			dec	ba			;3
0BF4BB 1B 0F             			jrnz	receive_one_lp		;3
0BF4BD 97                			sc
0BF4BE 79 06 02          	receive_one_err:or	(flag),2	;Definir le mode d'arret de la transmission
0BF4C1 06                			ret
0BF4C2 0A 30 65          	receive_one_ok:	mv	ba,$6530	;pre $30 test (m),n
0BF4C5 AA 9A F4 0B       			rel mv	[receive_one],ba
0BF4C9 80 07             			mv	a,(rxdata)
0BF4CB 71 06 FE          			and	(flag),$fe			;Reinitialiser le drapeau
0BF4CE 06                			ret
0BF4CF                   	;----------------------------------------------------------------------
0BF4CF                   	;		Recevez une routine de traitement des interruptions
0BF4CF                   	;----------------------------------------------------------------------
0BF4CF 30                	rcv:		pre	$30
0BF4D0 80 F9             			mv	a,(sio_rx_reg)
0BF4D2 A0 07             			mv	(rxdata),a
0BF4D4 79 06 01          			or	(flag),1			;Definir le drapeau de reception complete
0BF4D7 07                			retf
0BF4D8                   	;----------------------------------------------------------------------
0BF4D8                   	;		Tampon clair
0BF4D8                   	;----------------------------------------------------------------------
0BF4D8 09 82             	buffer_clr:	mv	il,sectsiz+2
0BF4DA 0A 00 00          			mv	ba,0
0BF4DD 0C C3 F5 0B       			rel mv	x,sect_1
0BF4E1 B2 24             	buffer_clr_1:	mv	[x++],ba	;Remplir le tampon avec 00h
0BF4E3 7C 03             			dec	i
0BF4E5 1B 06             			jrnz	buffer_clr_1
0BF4E7 0A FF FF          			mv	ba,-1
0BF4EA AA FD FA 0B       			rel mv	[sect_number],ba	;Initialisation du numero de secteur
0BF4EE 09 07             			mv	il,n_fcache
0BF4F0 0D CD F6 0B       			rel mv	y,fcache
0BF4F4 AD C7 F6 0B       			rel mv	[fcachep],y
0BF4F8 04 09 F5          		rel call	buffer_clr_3
0BF4FB 09 01             			mv	il,n_dcache
0BF4FD 0D 77 FA 0B       			rel mv	y,dcache
0BF501 AD CA F6 0B       			rel mv	[dcachep],y
0BF505 04 09 F5          		rel call	buffer_clr_3
0BF508 06                			ret
0BF509                   	
0BF509 FD 45             	buffer_clr_3:	mv	x,y
0BF50B B2 84 81          			mv	[x+cache_sect],ba
0BF50E 7C 01             			dec	il
0BF510 18 0A             			jrz	buffer_clr_2
0BF512 0A 86 00          			mv	ba,cache_size
0BF515 45 52             			add	y,ba
0BF517 B5 84 83          			mv	[x+cache_next],y
0BF51A 13 13             			jr	buffer_clr_3
0BF51C 0D FF FF 0F       	buffer_clr_2:	mv	y,$fffff
0BF520 B5 84 83          			mv	[x+cache_next],y
0BF523 06                			ret
0BF524                   	;----------------------------------------------------------------------
0BF524                   	;		Verification de la correspondance du tampon pour la commande $ 17
0BF524                   	;----------------------------------------------------------------------
0BF524 0C C3 F5 0B       	check_sect:	rel mv	x,sect_1
0BF528 09 81             			mv	il,sectsiz+1
0BF52A E0 24 00          	check_sect_3:	mv	(i_work1),[x++]
0BF52D 90 84 81          			mv	a,[x+sectsiz+1]
0BF530 63 00             			cmp	(i_work1),a			;Comparaison du contenu de la memoire tampon
0BF532 1A 05             			jrnz	check_sect_4
0BF534 7C 01             			dec	il
0BF536 1B 0E             			jrnz	check_sect_3
0BF538 06                			ret
0BF539                   	check_sect_4:
0BF539 D1 02 FD FA 0B    			rel mvw	(sect_num),[sect_number]
0BF53E 0C C3 F5 0B       			rel mv	x,sect_1
0BF542 09 81             			mv	il,sectsiz+1
0BF544 2C                			pushu	x
0BF545 04 F3 F3          		rel call	send_sect
0BF548 3C                			popu	x
0BF549 82 02             			mv	ba,(sect_num)
0BF54B 6C 02             			inc	ba
0BF54D A2 02             			mv	(sect_num),ba
0BF54F 7C 02             			dec	ba
0BF551 7C 02             			dec	ba
0BF553 A2 04             			mv	(sect_num2),ba
0BF555 85 0A             			mv	y,(cachep)
0BF557 92 85 81          	check_sect_6:	mv	ba,[y+cache_sect]
0BF55A D6 02 02          			cmpw	(sect_num),ba
0BF55D 1A 07             			jrnz	check_sect_5
0BF55F 28                			pushu	a
0BF560 90 84 80          			mv	a,[x+sectsiz]
0BF563 B0 05             			mv	[y],a				;Le premier octet du secteur a cote du secteur accede
0BF565 38                			popu	a
0BF566 D6 02 04          	check_sect_5:	cmpw	(sect_num2),ba
0BF569 1A 05             			jrnz	check_sect_7
0BF56B 90 04             			mv	a,[x]
0BF56D B0 85 80          			mv	[y+sectsiz],a		;Le 129eme octet du secteur avant le secteur accede
0BF570 95 85 83          	check_sect_7:	mv	y,[y+cache_next]
0BF573 2D                			pushu	y
0BF574 6C 05             			inc	y
0BF576 3D                			popu	y
0BF577 1B 22             			jrnz	check_sect_6
0BF579 06                			ret
0BF57A                   	;----------------------------------------------------------------------
0BF57A                   	;		Verification de la correspondance avec le cache
0BF57A                   	;----------------------------------------------------------------------
0BF57A                   	send_cache:
0BF57A 2C                			pushu	x
0BF57B 2D                			pushu	y
0BF57C 0C CA F6 0B       			rel mv	x,dcachep
0BF580 0A 2C 00          	secpatch:	mv	ba,dtop			;Le numero du secteur principal de la zone DATA est ecrit
0BF583 D6 02 02          			cmpw	(sect_num),ba
0BF586 1E 04             			jrnc	send_cache_0
0BF588 0C C7 F6 0B       			rel mv	x,fcachep
0BF58C A4 0A             	send_cache_0:	mv	(cachep),x
0BF58E A4 10             			mv	(before),x
0BF590 94 04             			mv	x,[x]
0BF592 92 84 81          	send_cache_1:	mv	ba,[x+cache_sect]
0BF595 95 84 83          			mv	y,[x+cache_next]
0BF598 D6 02 02          			cmpw	(sect_num),ba
0BF59B 18 11             			jrz	send_cache_2		;Le secteur auquel on a tente d'acceder est le meme que CACHE
0BF59D 2D                			pushu	y
0BF59E 6C 05             			inc	y
0BF5A0 3D                			popu	y
0BF5A1 97                			sc						;Marquez qu'il ne peut pas etre lu de CACHE
0BF5A2 18 0A             			jrz	send_cache_2
0BF5A4 08 83             			mv	a,cache_next
0BF5A6 45 40             			add	x,a
0BF5A8 A4 10             			mv	(before),x
0BF5AA FD 45             			mv	x,y
0BF5AC 13 1C             			jr	send_cache_1
0BF5AE BD 00 10          	send_cache_2:	mv	[(before)],y
0BF5B1 9D 00 0A          			mv	y,[(cachep)]
0BF5B4 B5 84 83          			mv	[x+cache_next],y
0BF5B7 E9 84 02 81       			mvw	[x+cache_sect],(sect_num)
0BF5BB BC 00 0A          			mv	[(cachep)],x
0BF5BE A4 0A             			mv	(cachep),x
0BF5C0 3D                			popu	y
0BF5C1 3C                			popu	x
0BF5C2 06                			ret
0BF5C3                   	
0BF5C3                   	prgend:
0BF5C3                   	;----------------------------------------------------------------------
0BF5C3                   	;		Zone de travail
0BF5C3                   	;----------------------------------------------------------------------
0BF5C3                   	suborg		*
0BF5C3                   	byte		sect_1[sectsiz+1+1],sect_2[sectsiz+1+1]
0BF5C3                   	pntr		fcachep,dcachep
0BF5C3                   	byte		fcache[cache_size*n_fcache]
0BF5C3                   	byte		dcache[cache_size*n_dcache]
0BF5C3                   	word		sect_number
0BF5C3                   	
0BF5C3                   	blen:		equ	%-btop
0BF5C3                   			end

  No fatal error.  Code: 0BF000h - 0BF601h [     1538 byte(s)]
